Archive member included to satisfy reference by file (symbol)

C:/ST/STM32CubeIDE_1.13.2/STM32CubeIDE/plugins/com.st.stm32cube.ide.mcu.externaltools.gnu-tools-for-stm32.13.3.rel1.win32_1.0.0.202411081344/tools/bin/../lib/gcc/arm-none-eabi/13.3.1/../../../../arm-none-eabi/lib/thumb/v7e-m+fp/hard\libc_nano.a(libc_a-exit.o)
                              C:/ST/STM32CubeIDE_1.13.2/STM32CubeIDE/plugins/com.st.stm32cube.ide.mcu.externaltools.gnu-tools-for-stm32.13.3.rel1.win32_1.0.0.202411081344/tools/bin/../lib/gcc/arm-none-eabi/13.3.1/../../../../arm-none-eabi/lib/thumb/v7e-m+fp/hard/crt0.o (exit)
C:/ST/STM32CubeIDE_1.13.2/STM32CubeIDE/plugins/com.st.stm32cube.ide.mcu.externaltools.gnu-tools-for-stm32.13.3.rel1.win32_1.0.0.202411081344/tools/bin/../lib/gcc/arm-none-eabi/13.3.1/../../../../arm-none-eabi/lib/thumb/v7e-m+fp/hard\libc_nano.a(libc_a-rand.o)
                              ./Core/Src/main.o (rand)
C:/ST/STM32CubeIDE_1.13.2/STM32CubeIDE/plugins/com.st.stm32cube.ide.mcu.externaltools.gnu-tools-for-stm32.13.3.rel1.win32_1.0.0.202411081344/tools/bin/../lib/gcc/arm-none-eabi/13.3.1/../../../../arm-none-eabi/lib/thumb/v7e-m+fp/hard\libc_nano.a(libc_a-findfp.o)
                              ./Middlewares/Third_Party/FreeRTOS/Source/tasks.o (__sf)
C:/ST/STM32CubeIDE_1.13.2/STM32CubeIDE/plugins/com.st.stm32cube.ide.mcu.externaltools.gnu-tools-for-stm32.13.3.rel1.win32_1.0.0.202411081344/tools/bin/../lib/gcc/arm-none-eabi/13.3.1/../../../../arm-none-eabi/lib/thumb/v7e-m+fp/hard\libc_nano.a(libc_a-fwalk.o)
                              C:/ST/STM32CubeIDE_1.13.2/STM32CubeIDE/plugins/com.st.stm32cube.ide.mcu.externaltools.gnu-tools-for-stm32.13.3.rel1.win32_1.0.0.202411081344/tools/bin/../lib/gcc/arm-none-eabi/13.3.1/../../../../arm-none-eabi/lib/thumb/v7e-m+fp/hard\libc_nano.a(libc_a-findfp.o) (_fwalk_sglue)
C:/ST/STM32CubeIDE_1.13.2/STM32CubeIDE/plugins/com.st.stm32cube.ide.mcu.externaltools.gnu-tools-for-stm32.13.3.rel1.win32_1.0.0.202411081344/tools/bin/../lib/gcc/arm-none-eabi/13.3.1/../../../../arm-none-eabi/lib/thumb/v7e-m+fp/hard\libc_nano.a(libc_a-printf.o)
                              ./Core/Src/main.o (printf)
C:/ST/STM32CubeIDE_1.13.2/STM32CubeIDE/plugins/com.st.stm32cube.ide.mcu.externaltools.gnu-tools-for-stm32.13.3.rel1.win32_1.0.0.202411081344/tools/bin/../lib/gcc/arm-none-eabi/13.3.1/../../../../arm-none-eabi/lib/thumb/v7e-m+fp/hard\libc_nano.a(libc_a-stdio.o)
                              C:/ST/STM32CubeIDE_1.13.2/STM32CubeIDE/plugins/com.st.stm32cube.ide.mcu.externaltools.gnu-tools-for-stm32.13.3.rel1.win32_1.0.0.202411081344/tools/bin/../lib/gcc/arm-none-eabi/13.3.1/../../../../arm-none-eabi/lib/thumb/v7e-m+fp/hard\libc_nano.a(libc_a-findfp.o) (__sread)
C:/ST/STM32CubeIDE_1.13.2/STM32CubeIDE/plugins/com.st.stm32cube.ide.mcu.externaltools.gnu-tools-for-stm32.13.3.rel1.win32_1.0.0.202411081344/tools/bin/../lib/gcc/arm-none-eabi/13.3.1/../../../../arm-none-eabi/lib/thumb/v7e-m+fp/hard\libc_nano.a(libc_a-memset.o)
                              C:/ST/STM32CubeIDE_1.13.2/STM32CubeIDE/plugins/com.st.stm32cube.ide.mcu.externaltools.gnu-tools-for-stm32.13.3.rel1.win32_1.0.0.202411081344/tools/bin/../lib/gcc/arm-none-eabi/13.3.1/../../../../arm-none-eabi/lib/thumb/v7e-m+fp/hard/crt0.o (memset)
C:/ST/STM32CubeIDE_1.13.2/STM32CubeIDE/plugins/com.st.stm32cube.ide.mcu.externaltools.gnu-tools-for-stm32.13.3.rel1.win32_1.0.0.202411081344/tools/bin/../lib/gcc/arm-none-eabi/13.3.1/../../../../arm-none-eabi/lib/thumb/v7e-m+fp/hard\libc_nano.a(libc_a-closer.o)
                              C:/ST/STM32CubeIDE_1.13.2/STM32CubeIDE/plugins/com.st.stm32cube.ide.mcu.externaltools.gnu-tools-for-stm32.13.3.rel1.win32_1.0.0.202411081344/tools/bin/../lib/gcc/arm-none-eabi/13.3.1/../../../../arm-none-eabi/lib/thumb/v7e-m+fp/hard\libc_nano.a(libc_a-stdio.o) (_close_r)
C:/ST/STM32CubeIDE_1.13.2/STM32CubeIDE/plugins/com.st.stm32cube.ide.mcu.externaltools.gnu-tools-for-stm32.13.3.rel1.win32_1.0.0.202411081344/tools/bin/../lib/gcc/arm-none-eabi/13.3.1/../../../../arm-none-eabi/lib/thumb/v7e-m+fp/hard\libc_nano.a(libc_a-reent.o)
                              ./Middlewares/Third_Party/FreeRTOS/Source/tasks.o (_reclaim_reent)
C:/ST/STM32CubeIDE_1.13.2/STM32CubeIDE/plugins/com.st.stm32cube.ide.mcu.externaltools.gnu-tools-for-stm32.13.3.rel1.win32_1.0.0.202411081344/tools/bin/../lib/gcc/arm-none-eabi/13.3.1/../../../../arm-none-eabi/lib/thumb/v7e-m+fp/hard\libc_nano.a(libc_a-impure.o)
                              ./Middlewares/Third_Party/FreeRTOS/Source/tasks.o (_impure_ptr)
C:/ST/STM32CubeIDE_1.13.2/STM32CubeIDE/plugins/com.st.stm32cube.ide.mcu.externaltools.gnu-tools-for-stm32.13.3.rel1.win32_1.0.0.202411081344/tools/bin/../lib/gcc/arm-none-eabi/13.3.1/../../../../arm-none-eabi/lib/thumb/v7e-m+fp/hard\libc_nano.a(libc_a-lseekr.o)
[...]
Memory Configuration

Name             Origin             Length             Attributes
RAM              0x20000000         0x00018000         xrw
RAM2             0x10000000         0x00008000         xrw
FLASH            0x08000000         0x00100000         xr
*default*        0x00000000         0xffffffff

Linker script and memory map

LOAD C:/ST/STM32CubeIDE_1.13.2/STM32CubeIDE/plugins/com.st.stm32cube.ide.mcu.externaltools.gnu-tools-for-stm32.13.3.rel1.win32_1.0.0.202411081344/tools/bin/../lib/gcc/arm-none-eabi/13.3.1/thumb/v7e-m+fp/hard/crti.o
LOAD C:/ST/STM32CubeIDE_1.13.2/STM32CubeIDE/plugins/com.st.stm32cube.ide.mcu.externaltools.gnu-tools-for-stm32.13.3.rel1.win32_1.0.0.202411081344/tools/bin/../lib/gcc/arm-none-eabi/13.3.1/thumb/v7e-m+fp/hard/crtbegin.o
LOAD C:/ST/STM32CubeIDE_1.13.2/STM32CubeIDE/plugins/com.st.stm32cube.ide.mcu.externaltools.gnu-tools-for-stm32.13.3.rel1.win32_1.0.0.202411081344/tools/bin/../lib/gcc/arm-none-eabi/13.3.1/../../../../arm-none-eabi/lib/thumb/v7e-m+fp/hard/crt0.o
LOAD ./Core/Src/MultiFunctionShield.o
LOAD ./Core/Src/freertos.o
LOAD ./Core/Src/main.o
LOAD ./Core/Src/stm32l4xx_hal_msp.o
LOAD ./Core/Src/stm32l4xx_hal_timebase_tim.o
LOAD ./Core/Src/stm32l4xx_it.o
LOAD ./Core/Src/syscalls.o
LOAD ./Core/Src/sysmem.o
LOAD ./Core/Src/system_stm32l4xx.o
LOAD ./Core/Startup/startup_stm32l476rgtx.o
LOAD ./Drivers/STM32L4xx_HAL_Driver/Src/stm32l4xx_hal.o
LOAD ./Drivers/STM32L4xx_HAL_Driver/Src/stm32l4xx_hal_cortex.o
LOAD ./Drivers/STM32L4xx_HAL_Driver/Src/stm32l4xx_hal_dma.o
LOAD ./Drivers/STM32L4xx_HAL_Driver/Src/stm32l4xx_hal_dma_ex.o
LOAD ./Drivers/STM32L4xx_HAL_Driver/Src/stm32l4xx_hal_exti.o
LOAD ./Drivers/STM32L4xx_HAL_Driver/Src/stm32l4xx_hal_flash.o
LOAD ./Drivers/STM32L4xx_HAL_Driver/Src/stm32l4xx_hal_flash_ex.o
LOAD ./Drivers/STM32L4xx_HAL_Driver/Src/stm32l4xx_hal_flash_ramfunc.o
LOAD ./Drivers/STM32L4xx_HAL_Driver/Src/stm32l4xx_hal_gpio.o
LOAD ./Drivers/STM32L4xx_HAL_Driver/Src/stm32l4xx_hal_i2c.o
LOAD ./Drivers/STM32L4xx_HAL_Driver/Src/stm32l4xx_hal_i2c_ex.o
LOAD ./Drivers/STM32L4xx_HAL_Driver/Src/stm32l4xx_hal_pwr.o
LOAD ./Drivers/STM32L4xx_HAL_Driver/Src/stm32l4xx_hal_pwr_ex.o
LOAD ./Drivers/STM32L4xx_HAL_Driver/Src/stm32l4xx_hal_rcc.o
LOAD ./Drivers/STM32L4xx_HAL_Driver/Src/stm32l4xx_hal_rcc_ex.o
LOAD ./Drivers/STM32L4xx_HAL_Driver/Src/stm32l4xx_hal_tim.o
LOAD ./Drivers/STM32L4xx_HAL_Driver/Src/stm32l4xx_hal_tim_ex.o
LOAD ./Drivers/STM32L4xx_HAL_Driver/Src/stm32l4xx_hal_uart.o
LOAD ./Drivers/STM32L4xx_HAL_Driver/Src/stm32l4xx_hal_uart_ex.o
LOAD ./Middlewares/Third_Party/FreeRTOS/Source/CMSIS_RTOS_V2/cmsis_os2.o
LOAD ./Middlewares/Third_Party/FreeRTOS/Source/croutine.o
LOAD ./Middlewares/Third_Party/FreeRTOS/Source/event_groups.o
LOAD ./Middlewares/Third_Party/FreeRTOS/Source/list.o
LOAD ./Middlewares/Third_Party/FreeRTOS/Source/queue.o
LOAD ./Middlewares/Third_Party/FreeRTOS/Source/stream_buffer.o
LOAD ./Middlewares/Third_Party/FreeRTOS/Source/tasks.o
LOAD ./Middlewares/Third_Party/FreeRTOS/Source/timers.o
LOAD ./Middlewares/Third_Party/FreeRTOS/Source/portable/GCC/ARM_CM4F/port.o
LOAD ./Middlewares/Third_Party/FreeRTOS/Source/portable/MemMang/heap_4.o
START GROUP
LOAD C:/ST/STM32CubeIDE_1.13.2/STM32CubeIDE/plugins/com.st.stm32cube.ide.mcu.externaltools.gnu-tools-for-stm32.13.3.rel1.win32_1.0.0.202411081344/tools/bin/../lib/gcc/arm-none-eabi/13.3.1/../../../../arm-none-eabi/lib/thumb/v7e-m+fp/hard\libc_nano.a
LOAD C:/ST/STM32CubeIDE_1.13.2/STM32CubeIDE/plugins/com.st.stm32cube.ide.mcu.externaltools.gnu-tools-for-stm32.13.3.rel1.win32_1.0.0.202411081344/tools/bin/../lib/gcc/arm-none-eabi/13.3.1/../../../../arm-none-eabi/lib/thumb/v7e-m+fp/hard\libm.a
END GROUP
START GROUP
LOAD C:/ST/STM32CubeIDE_1.13.2/STM32CubeIDE/plugins/com.st.stm32cube.ide.mcu.externaltools.gnu-tools-for-stm32.13.3.rel1.win32_1.0.0.202411081344/tools/bin/../lib/gcc/arm-none-eabi/13.3.1/thumb/v7e-m+fp/hard\libgcc.a
LOAD C:/ST/STM32CubeIDE_1.13.2/STM32CubeIDE/plugins/com.st.stm32cube.ide.mcu.externaltools.gnu-tools-for-stm32.13.3.rel1.win32_1.0.0.202411081344/tools/bin/../lib/gcc/arm-none-eabi/13.3.1/../../../../arm-none-eabi/lib/thumb/v7e-m+fp/hard\libc_nano.a
END GROUP
START GROUP
LOAD C:/ST/STM32CubeIDE_1.13.2/STM32CubeIDE/plugins/com.st.stm32cube.ide.mcu.externaltools.gnu-tools-for-stm32.13.3.rel1.win32_1.0.0.202411081344/tools/bin/../lib/gcc/arm-none-eabi/13.3.1/thumb/v7e-m+fp/hard\libgcc.a
LOAD C:/ST/STM32CubeIDE_1.13.2/STM32CubeIDE/plugins/com.st.stm32cube.ide.mcu.externaltools.gnu-tools-for-stm32.13.3.rel1.win32_1.0.0.202411081344/tools/bin/../lib/gcc/arm-none-eabi/13.3.1/../../../../arm-none-eabi/lib/thumb/v7e-m+fp/hard\libc_nano.a
LOAD C:/ST/STM32CubeIDE_1.13.2/STM32CubeIDE/plugins/com.st.stm32cube.ide.mcu.externaltools.gnu-tools-for-stm32.13.3.rel1.win32_1.0.0.202411081344/tools/bin/../lib/gcc/arm-none-eabi/13.3.1/../../../../arm-none-eabi/lib/thumb/v7e-m+fp/hard\libnosys.a
END GROUP
START GROUP
LOAD C:/ST/STM32CubeIDE_1.13.2/STM32CubeIDE/plugins/com.st.stm32cube.ide.mcu.externaltools.gnu-tools-for-stm32.13.3.rel1.win32_1.0.0.202411081344/tools/bin/../lib/gcc/arm-none-eabi/13.3.1/thumb/v7e-m+fp/hard\libgcc.a
LOAD C:/ST/STM32CubeIDE_1.13.2/STM32CubeIDE/plugins/com.st.stm32cube.ide.mcu.externaltools.gnu-tools-for-stm32.13.3.rel1.win32_1.0.0.202411081344/tools/bin/../lib/gcc/arm-none-eabi/13.3.1/../../../../arm-none-eabi/lib/thumb/v7e-m+fp/hard\libc_nano.a
LOAD C:/ST/STM32CubeIDE_1.13.2/STM32CubeIDE/plugins/com.st.stm32cube.ide.mcu.externaltools.gnu-tools-for-stm32.13.3.rel1.win32_1.0.0.202411081344/tools/bin/../lib/gcc/arm-none-eabi/13.3.1/../../../../arm-none-eabi/lib/thumb/v7e-m+fp/hard\libnosys.a
END GROUP
LOAD C:/ST/STM32CubeIDE_1.13.2/STM32CubeIDE/plugins/com.st.stm32cube.ide.mcu.externaltools.gnu-tools-for-stm32.13.3.rel1.win32_1.0.0.202411081344/tools/bin/../lib/gcc/arm-none-eabi/13.3.1/thumb/v7e-m+fp/hard/crtend.o
LOAD C:/ST/STM32CubeIDE_1.13.2/STM32CubeIDE/plugins/com.st.stm32cube.ide.mcu.externaltools.gnu-tools-for-stm32.13.3.rel1.win32_1.0.0.202411081344/tools/bin/../lib/gcc/arm-none-eabi/13.3.1/thumb/v7e-m+fp/hard/crtn.o
                0x20018000                        _estack = (ORIGIN (RAM) + LENGTH (RAM))
                0x00000200                        _Min_Heap_Size = 0x200
                0x00000400                        _Min_Stack_Size = 0x400

.isr_vector     0x08000000      0x188
                0x08000000                        . = ALIGN (0x4)
 *(.isr_vector)
 .isr_vector    0x08000000      0x188 ./Core/Startup/startup_stm32l476rgtx.o
                0x08000000                g_pfnVectors
                0x08000188                        . = ALIGN (0x4)

.text           0x08000190     0x9488
                0x08000190                        . = ALIGN (0x4)
 *(.text)
 .text          0x08000190       0x40 C:/ST/STM32CubeIDE_1.13.2/STM32CubeIDE/plugins/com.st.stm32cube.ide.mcu.externaltools.gnu-tools-for-stm32.13.3.rel1.win32_1.0.0.202411081344/tools/bin/../lib/gcc/arm-none-eabi/13.3.1/thumb/v7e-m+fp/hard/crtbegin.o
 .text          0x080001d0       0xa0 C:/ST/STM32CubeIDE_1.13.2/STM32CubeIDE/plugins/com.st.stm32cube.ide.mcu.externaltools.gnu-tools-for-stm32.13.3.rel1.win32_1.0.0.202411081344/tools/bin/../lib/gcc/arm-none-eabi/13.3.1/../../../../arm-none-eabi/lib/thumb/v7e-m+fp/hard\libc_nano.a(libc_a-memchr.o)
                0x080001d0                memchr
 .text          0x08000270       0x30 C:/ST/STM32CubeIDE_1.13.2/STM32CubeIDE/plugins/com.st.stm32cube.ide.mcu.externaltools.gnu-tools-for-stm32.13.3.rel1.win32_1.0.0.202411081344/tools/bin/../lib/gcc/arm-none-eabi/13.3.1/thumb/v7e-m+fp/hard\libgcc.a(_aeabi_uldivmod.o)
                0x08000270                __aeabi_uldivmod
 .text          0x080002a0      0x2f8 C:/ST/STM32CubeIDE_1.13.2/STM32CubeIDE/plugins/com.st.stm32cube.ide.mcu.externaltools.gnu-tools-for-stm32.13.3.rel1.win32_1.0.0.202411081344/tools/bin/../lib/gcc/arm-none-eabi/13.3.1/thumb/v7e-m+fp/hard\libgcc.a(_udivmoddi4.o)
                0x080002a0                __udivmoddi4
 .text          0x08000598        0x4 C:/ST/STM32CubeIDE_1.13.2/STM32CubeIDE/plugins/com.st.stm32cube.ide.mcu.externaltools.gnu-tools-for-stm32.13.3.rel1.win32_1.0.0.202411081344/tools/bin/../lib/gcc/arm-none-eabi/13.3.1/thumb/v7e-m+fp/hard\libgcc.a(_dvmd_tls.o)
                0x08000598                __aeabi_idiv0
                0x08000598                __aeabi_ldiv0
 *(.text*)
 .text.shiftOut
                0x0800059c       0x9c ./Core/Src/MultiFunctionShield.o
                0x0800059c                shiftOut
 .text.MultiFunctionShield_Single_Digit_Display
                0x08000638       0xb0 ./Core/Src/MultiFunctionShield.o
                0x08000638                MultiFunctionShield_Single_Digit_Display
 .text.MultiFunctionShield_Display_Two_Digits
                0x080006e8       0x94 ./Core/Src/MultiFunctionShield.o
                0x080006e8                MultiFunctionShield_Display_Two_Digits
 .text.Clear_LEDs
                0x0800077c       0x3c ./Core/Src/MultiFunctionShield.o
                0x0800077c                Clear_LEDs
 .text.MultiFunctionShield_Clear
                0x080007b8       0x2c ./Core/Src/MultiFunctionShield.o
                0x080007b8                MultiFunctionShield_Clear
 .text.MultiFunctionShield_WriteNumberToSegment
                0x080007e4       0x74 ./Core/Src/MultiFunctionShield.o
                0x080007e4                MultiFunctionShield_WriteNumberToSegment
 .text.MultiFunctionShield__ISRFunc
                0x08000858       0x64 ./Core/Src/MultiFunctionShield.o
                0x08000858                MultiFunctionShield__ISRFunc
 .text.main     0x080008bc      0x224 ./Core/Src/main.o
                0x080008bc                main
 .text.SystemClock_Config
                0x08000ae0       0xa2 ./Core/Src/main.o
                0x08000ae0                SystemClock_Config
 *fill*         0x08000b82        0x2 
 .text.MX_TIM17_Init
                0x08000b84       0x4c ./Core/Src/main.o
 .text.MX_USART2_UART_Init
                0x08000bd0       0x60 ./Core/Src/main.o
 .text.MX_GPIO_Init
                0x08000c30      0x1cc ./Core/Src/main.o
 .text.HAL_GPIO_EXTI_Callback
                0x08000dfc       0x88 ./Core/Src/main.o
                0x08000dfc                HAL_GPIO_EXTI_Callback
 .text.__io_putchar
                0x08000e84       0x24 ./Core/Src/main.o
                0x08000e84                __io_putchar
 .text.random_wait
                0x08000ea8       0x3c ./Core/Src/main.o
                0x08000ea8                random_wait
 .text.Default_Task
                0x08000ee4       0x10 ./Core/Src/main.o
                0x08000ee4                Default_Task
 .text.NotifyToggleTask
                0x08000ef4       0x2e ./Core/Src/main.o
                0x08000ef4                NotifyToggleTask
 *fill*         0x08000f22        0x2 
 .text.SW_Timer_Task
                0x08000f24       0x50 ./Core/Src/main.o
                0x08000f24                SW_Timer_Task
 .text.Mutex_CountUpTask
                0x08000f74       0x58 ./Core/Src/main.o
                0x08000f74                Mutex_CountUpTask
 .text.Mutex_CountDownTask
                0x08000fcc       0x54 ./Core/Src/main.o
                0x08000fcc                Mutex_CountDownTask
 .text.UpdateGlobDisplayProcess
                0x08001020       0x24 ./Core/Src/main.o
                0x08001020                UpdateGlobDisplayProcess
 .text.ResetGlobalTask
                0x08001044       0x54 ./Core/Src/main.o
                0x08001044                ResetGlobalTask
 .text.StartDebounce
                0x08001098       0x6c ./Core/Src/main.o
                0x08001098                StartDebounce
 .text.Turn_LED_D1_On
                0x08001104       0x2c ./Core/Src/main.o
                0x08001104                Turn_LED_D1_On
 .text.Semaphore_Toggle_D3
                0x08001130       0x28 ./Core/Src/main.o
                0x08001130                Semaphore_Toggle_D3
 .text.Mutex_Add_Dash
                0x08001158       0x40 ./Core/Src/main.o
                0x08001158                Mutex_Add_Dash
 .text.SW_Timer_Countdown
                0x08001198       0x40 ./Core/Src/main.o
                0x08001198                SW_Timer_Countdown
 .text.HAL_TIM_PeriodElapsedCallback
                0x080011d8       0x34 ./Core/Src/main.o
                0x080011d8                HAL_TIM_PeriodElapsedCallback
 .text.Error_Handler
                0x0800120c        0xc ./Core/Src/main.o
                0x0800120c                Error_Handler
 .text.HAL_MspInit
                0x08001218       0x50 ./Core/Src/stm32l4xx_hal_msp.o
                0x08001218                HAL_MspInit
 .text.HAL_TIM_Base_MspInit
                0x08001268       0x4c ./Core/Src/stm32l4xx_hal_msp.o
                0x08001268                HAL_TIM_Base_MspInit
 .text.HAL_UART_MspInit
                0x080012b4       0xb8 ./Core/Src/stm32l4xx_hal_msp.o
                0x080012b4                HAL_UART_MspInit
 .text.HAL_InitTick
                0x0800136c       0xf4 ./Core/Src/stm32l4xx_hal_timebase_tim.o
                0x0800136c                HAL_InitTick
 .text.NMI_Handler
                0x08001460        0x8 ./Core/Src/stm32l4xx_it.o
                0x08001460                NMI_Handler
 .text.HardFault_Handler
                0x08001468        0x8 ./Core/Src/stm32l4xx_it.o
                0x08001468                HardFault_Handler
 .text.MemManage_Handler
                0x08001470        0x8 ./Core/Src/stm32l4xx_it.o
                0x08001470                MemManage_Handler
 .text.BusFault_Handler
                0x08001478        0x8 ./Core/Src/stm32l4xx_it.o
                0x08001478                BusFault_Handler
 .text.UsageFault_Handler
                0x08001480        0x8 ./Core/Src/stm32l4xx_it.o
                0x08001480                UsageFault_Handler
 .text.DebugMon_Handler
                0x08001488        0xe ./Core/Src/stm32l4xx_it.o
                0x08001488                DebugMon_Handler
 .text.EXTI0_IRQHandler
                0x08001496        0xe ./Core/Src/stm32l4xx_it.o
                0x08001496                EXTI0_IRQHandler
 .text.EXTI1_IRQHandler
                0x080014a4        0xe ./Core/Src/stm32l4xx_it.o
                0x080014a4                EXTI1_IRQHandler
 .text.EXTI4_IRQHandler
                0x080014b2        0xe ./Core/Src/stm32l4xx_it.o
                0x080014b2                EXTI4_IRQHandler
 .text.TIM1_TRG_COM_TIM17_IRQHandler
                0x080014c0       0x14 ./Core/Src/stm32l4xx_it.o
                0x080014c0                TIM1_TRG_COM_TIM17_IRQHandler
 .text.TIM3_IRQHandler
                0x080014d4       0x14 ./Core/Src/stm32l4xx_it.o
                0x080014d4                TIM3_IRQHandler
 .text._getpid  0x080014e8       0x10 ./Core/Src/syscalls.o
                0x080014e8                _getpid
 .text._kill    0x080014f8       0x20 ./Core/Src/syscalls.o
                0x080014f8                _kill
 .text._exit    0x08001518       0x16 ./Core/Src/syscalls.o
                0x08001518                _exit
 .text._read    0x0800152e       0x3a ./Core/Src/syscalls.o
                0x0800152e                _read
 .text._write   0x08001568       0x38 ./Core/Src/syscalls.o
                0x08001568                _write
 .text._close   0x080015a0       0x18 ./Core/Src/syscalls.o
                0x080015a0                _close
 .text._fstat   0x080015b8       0x20 ./Core/Src/syscalls.o
                0x080015b8                _fstat
 .text._isatty  0x080015d8       0x16 ./Core/Src/syscalls.o
                0x080015d8                _isatty
 .text._lseek   0x080015ee       0x1a ./Core/Src/syscalls.o
                0x080015ee                _lseek
 .text._sbrk    0x08001608       0x6c ./Core/Src/sysmem.o
                0x08001608                _sbrk
 .text.SystemInit
                0x08001674       0x24 ./Core/Src/system_stm32l4xx.o
                0x08001674                SystemInit
 .text.Reset_Handler
                0x08001698       0x50 ./Core/Startup/startup_stm32l476rgtx.o
                0x08001698                Reset_Handler
 .text.Default_Handler
                0x080016e8        0x2 ./Core/Startup/startup_stm32l476rgtx.o
                0x080016e8                RTC_Alarm_IRQHandler
                0x080016e8                EXTI2_IRQHandler
                0x080016e8                TIM8_TRG_COM_IRQHandler
                0x080016e8                TIM8_CC_IRQHandler
                0x080016e8                TIM1_CC_IRQHandler
                0x080016e8                TSC_IRQHandler
                0x080016e8                TAMP_STAMP_IRQHandler
                0x080016e8                EXTI3_IRQHandler
                0x080016e8                LPTIM2_IRQHandler
                0x080016e8                DFSDM1_FLT1_IRQHandler
                0x080016e8                I2C3_ER_IRQHandler
                0x080016e8                DFSDM1_FLT2_IRQHandler
                0x080016e8                I2C2_EV_IRQHandler
                0x080016e8                CAN1_RX0_IRQHandler
                0x080016e8                FPU_IRQHandler
                0x080016e8                TIM1_UP_TIM16_IRQHandler
                0x080016e8                ADC1_2_IRQHandler
                0x080016e8                SPI1_IRQHandler
                0x080016e8                TIM6_DAC_IRQHandler
                0x080016e8                TIM8_UP_IRQHandler
                0x080016e8                DMA2_Channel2_IRQHandler
                0x080016e8                DMA1_Channel4_IRQHandler
                0x080016e8                SAI2_IRQHandler
                0x080016e8                DFSDM1_FLT3_IRQHandler
                0x080016e8                USART3_IRQHandler
                0x080016e8                DMA1_Channel7_IRQHandler
                0x080016e8                CAN1_RX1_IRQHandler
                0x080016e8                LCD_IRQHandler
                0x080016e8                UART5_IRQHandler
                0x080016e8                ADC3_IRQHandler
                0x080016e8                TIM4_IRQHandler
                0x080016e8                DMA2_Channel1_IRQHandler
                0x080016e8                QUADSPI_IRQHandler
                0x080016e8                I2C1_EV_IRQHandler
                0x080016e8                DMA1_Channel6_IRQHandler
                0x080016e8                UART4_IRQHandler
                0x080016e8                DMA2_Channel4_IRQHandler
                0x080016e8                RCC_IRQHandler
                0x080016e8                DMA1_Channel1_IRQHandler
                0x080016e8                Default_Handler
                0x080016e8                DMA2_Channel7_IRQHandler
                0x080016e8                EXTI15_10_IRQHandler
                0x080016e8                TIM7_IRQHandler
                0x080016e8                SDMMC1_IRQHandler
                0x080016e8                TIM5_IRQHandler
                0x080016e8                I2C3_EV_IRQHandler
                0x080016e8                EXTI9_5_IRQHandler
                0x080016e8                RTC_WKUP_IRQHandler
                0x080016e8                PVD_PVM_IRQHandler
                0x080016e8                SPI2_IRQHandler
                0x080016e8                CAN1_TX_IRQHandler
                0x080016e8                DMA2_Channel5_IRQHandler
                0x080016e8                DMA1_Channel5_IRQHandler
                0x080016e8                RNG_IRQHandler
                0x080016e8                DMA1_Channel3_IRQHandler
                0x080016e8                COMP_IRQHandler
                0x080016e8                WWDG_IRQHandler
                0x080016e8                LPUART1_IRQHandler
                0x080016e8                DMA2_Channel6_IRQHandler
                0x080016e8                TIM2_IRQHandler
                0x080016e8                USART2_IRQHandler
                0x080016e8                DFSDM1_FLT0_IRQHandler
                0x080016e8                I2C2_ER_IRQHandler
                0x080016e8                DMA1_Channel2_IRQHandler
                0x080016e8                TIM8_BRK_IRQHandler
                0x080016e8                CAN1_SCE_IRQHandler
                0x080016e8                FLASH_IRQHandler
                0x080016e8                USART1_IRQHandler
                0x080016e8                OTG_FS_IRQHandler
                0x080016e8                SPI3_IRQHandler
                0x080016e8                I2C1_ER_IRQHandler
                0x080016e8                FMC_IRQHandler
                0x080016e8                SWPMI1_IRQHandler
                0x080016e8                LPTIM1_IRQHandler
                0x080016e8                SAI1_IRQHandler
                0x080016e8                DMA2_Channel3_IRQHandler
                0x080016e8                TIM1_BRK_TIM15_IRQHandler
 *fill*         0x080016ea        0x2 
 .text.HAL_Init
                0x080016ec       0x40 ./Drivers/STM32L4xx_HAL_Driver/Src/stm32l4xx_hal.o
                0x080016ec                HAL_Init
 .text.HAL_IncTick
                0x0800172c       0x28 ./Drivers/STM32L4xx_HAL_Driver/Src/stm32l4xx_hal.o
                0x0800172c                HAL_IncTick
 .text.HAL_GetTick
                0x08001754       0x18 ./Drivers/STM32L4xx_HAL_Driver/Src/stm32l4xx_hal.o
                0x08001754                HAL_GetTick
 .text.__NVIC_SetPriorityGrouping
                0x0800176c       0x48 ./Drivers/STM32L4xx_HAL_Driver/Src/stm32l4xx_hal_cortex.o
 .text.__NVIC_GetPriorityGrouping
                0x080017b4       0x1c ./Drivers/STM32L4xx_HAL_Driver/Src/stm32l4xx_hal_cortex.o
 .text.__NVIC_EnableIRQ
                0x080017d0       0x3c ./Drivers/STM32L4xx_HAL_Driver/Src/stm32l4xx_hal_cortex.o
 .text.__NVIC_SetPriority
                0x0800180c       0x54 ./Drivers/STM32L4xx_HAL_Driver/Src/stm32l4xx_hal_cortex.o
 .text.NVIC_EncodePriority
                0x08001860       0x66 ./Drivers/STM32L4xx_HAL_Driver/Src/stm32l4xx_hal_cortex.o
 .text.HAL_NVIC_SetPriorityGrouping
                0x080018c6       0x16 ./Drivers/STM32L4xx_HAL_Driver/Src/stm32l4xx_hal_cortex.o
                0x080018c6                HAL_NVIC_SetPriorityGrouping
 .text.HAL_NVIC_SetPriority
                0x080018dc       0x38 ./Drivers/STM32L4xx_HAL_Driver/Src/stm32l4xx_hal_cortex.o
                0x080018dc                HAL_NVIC_SetPriority
 .text.HAL_NVIC_EnableIRQ
                0x08001914       0x1c ./Drivers/STM32L4xx_HAL_Driver/Src/stm32l4xx_hal_cortex.o
                0x08001914                HAL_NVIC_EnableIRQ
 .text.HAL_GPIO_Init
                0x08001930      0x354 ./Drivers/STM32L4xx_HAL_Driver/Src/stm32l4xx_hal_gpio.o
                0x08001930                HAL_GPIO_Init
 .text.HAL_GPIO_WritePin
                0x08001c84       0x30 ./Drivers/STM32L4xx_HAL_Driver/Src/stm32l4xx_hal_gpio.o
                0x08001c84                HAL_GPIO_WritePin
 .text.HAL_GPIO_TogglePin
                0x08001cb4       0x34 ./Drivers/STM32L4xx_HAL_Driver/Src/stm32l4xx_hal_gpio.o
                0x08001cb4                HAL_GPIO_TogglePin
 .text.HAL_GPIO_EXTI_IRQHandler
                0x08001ce8       0x30 ./Drivers/STM32L4xx_HAL_Driver/Src/stm32l4xx_hal_gpio.o
                0x08001ce8                HAL_GPIO_EXTI_IRQHandler
 .text.HAL_PWREx_GetVoltageRange
                0x08001d18       0x1c ./Drivers/STM32L4xx_HAL_Driver/Src/stm32l4xx_hal_pwr_ex.o
                0x08001d18                HAL_PWREx_GetVoltageRange
 .text.HAL_PWREx_ControlVoltageScaling
                0x08001d34       0xac ./Drivers/STM32L4xx_HAL_Driver/Src/stm32l4xx_hal_pwr_ex.o
                0x08001d34                HAL_PWREx_ControlVoltageScaling
 .text.HAL_RCC_OscConfig
                0x08001de0      0x7b8 ./Drivers/STM32L4xx_HAL_Driver/Src/stm32l4xx_hal_rcc.o
                0x08001de0                HAL_RCC_OscConfig
 .text.HAL_RCC_ClockConfig
                0x08002598      0x200 ./Drivers/STM32L4xx_HAL_Driver/Src/stm32l4xx_hal_rcc.o
                0x08002598                HAL_RCC_ClockConfig
 .text.HAL_RCC_GetSysClockFreq
                0x08002798      0x118 ./Drivers/STM32L4xx_HAL_Driver/Src/stm32l4xx_hal_rcc.o
                0x08002798                HAL_RCC_GetSysClockFreq
 .text.HAL_RCC_GetHCLKFreq
                0x080028b0       0x18 ./Drivers/STM32L4xx_HAL_Driver/Src/stm32l4xx_hal_rcc.o
                0x080028b0                HAL_RCC_GetHCLKFreq
 .text.HAL_RCC_GetPCLK1Freq
                0x080028c8       0x2c ./Drivers/STM32L4xx_HAL_Driver/Src/stm32l4xx_hal_rcc.o
                0x080028c8                HAL_RCC_GetPCLK1Freq
 .text.HAL_RCC_GetPCLK2Freq
                0x080028f4       0x2c ./Drivers/STM32L4xx_HAL_Driver/Src/stm32l4xx_hal_rcc.o
                0x080028f4                HAL_RCC_GetPCLK2Freq
 .text.HAL_RCC_GetClockConfig
                0x08002920       0x64 ./Drivers/STM32L4xx_HAL_Driver/Src/stm32l4xx_hal_rcc.o
                0x08002920                HAL_RCC_GetClockConfig
 .text.RCC_SetFlashLatencyFromMSIRange
                0x08002984       0xc0 ./Drivers/STM32L4xx_HAL_Driver/Src/stm32l4xx_hal_rcc.o
 .text.HAL_RCCEx_PeriphCLKConfig
                0x08002a44      0x5d4 ./Drivers/STM32L4xx_HAL_Driver/Src/stm32l4xx_hal_rcc_ex.o
                0x08002a44                HAL_RCCEx_PeriphCLKConfig
 .text.RCCEx_PLLSAI1_Config
                0x08003018      0x1e8 ./Drivers/STM32L4xx_HAL_Driver/Src/stm32l4xx_hal_rcc_ex.o
 .text.RCCEx_PLLSAI2_Config
                0x08003200      0x1bc ./Drivers/STM32L4xx_HAL_Driver/Src/stm32l4xx_hal_rcc_ex.o
 .text.HAL_TIM_Base_Init
                0x080033bc       0xae ./Drivers/STM32L4xx_HAL_Driver/Src/stm32l4xx_hal_tim.o
                0x080033bc                HAL_TIM_Base_Init
 *fill*         0x0800346a        0x2 
 .text.HAL_TIM_Base_Start_IT
                0x0800346c       0xe0 ./Drivers/STM32L4xx_HAL_Driver/Src/stm32l4xx_hal_tim.o
                0x0800346c                HAL_TIM_Base_Start_IT
 .text.HAL_TIM_IRQHandler
                0x0800354c      0x20e ./Drivers/STM32L4xx_HAL_Driver/Src/stm32l4xx_hal_tim.o
                0x0800354c                HAL_TIM_IRQHandler
 .text.HAL_TIM_OC_DelayElapsedCallback
                0x0800375a       0x14 ./Drivers/STM32L4xx_HAL_Driver/Src/stm32l4xx_hal_tim.o
                0x0800375a                HAL_TIM_OC_DelayElapsedCallback
 .text.HAL_TIM_IC_CaptureCallback
                0x0800376e       0x14 ./Drivers/STM32L4xx_HAL_Driver/Src/stm32l4xx_hal_tim.o
                0x0800376e                HAL_TIM_IC_CaptureCallback
 .text.HAL_TIM_PWM_PulseFinishedCallback
                0x08003782       0x14 ./Drivers/STM32L4xx_HAL_Driver/Src/stm32l4xx_hal_tim.o
                0x08003782                HAL_TIM_PWM_PulseFinishedCallback
 .text.HAL_TIM_TriggerCallback
                0x08003796       0x14 ./Drivers/STM32L4xx_HAL_Driver/Src/stm32l4xx_hal_tim.o
                0x08003796                HAL_TIM_TriggerCallback
 *fill*         0x080037aa        0x2 
 .text.TIM_Base_SetConfig
                0x080037ac      0x14c ./Drivers/STM32L4xx_HAL_Driver/Src/stm32l4xx_hal_tim.o
                0x080037ac                TIM_Base_SetConfig
 .text.HAL_TIMEx_CommutCallback
                0x080038f8       0x14 ./Drivers/STM32L4xx_HAL_Driver/Src/stm32l4xx_hal_tim_ex.o
                0x080038f8                HAL_TIMEx_CommutCallback
 .text.HAL_TIMEx_BreakCallback
                0x0800390c       0x14 ./Drivers/STM32L4xx_HAL_Driver/Src/stm32l4xx_hal_tim_ex.o
                0x0800390c                HAL_TIMEx_BreakCallback
 .text.HAL_TIMEx_Break2Callback
                0x08003920       0x14 ./Drivers/STM32L4xx_HAL_Driver/Src/stm32l4xx_hal_tim_ex.o
                0x08003920                HAL_TIMEx_Break2Callback
 .text.HAL_UART_Init
                0x08003934       0x9c ./Drivers/STM32L4xx_HAL_Driver/Src/stm32l4xx_hal_uart.o
                0x08003934                HAL_UART_Init
 .text.HAL_UART_Transmit
                0x080039d0      0x112 ./Drivers/STM32L4xx_HAL_Driver/Src/stm32l4xx_hal_uart.o
                0x080039d0                HAL_UART_Transmit
 *fill*         0x08003ae2        0x2 
 .text.UART_SetConfig
                0x08003ae4      0x570 ./Drivers/STM32L4xx_HAL_Driver/Src/stm32l4xx_hal_uart.o
                0x08003ae4                UART_SetConfig
 .text.UART_AdvFeatureConfig
                0x08004054      0x144 ./Drivers/STM32L4xx_HAL_Driver/Src/stm32l4xx_hal_uart.o
                0x08004054                UART_AdvFeatureConfig
 .text.UART_CheckIdleState
                0x08004198      0x150 ./Drivers/STM32L4xx_HAL_Driver/Src/stm32l4xx_hal_uart.o
                0x08004198                UART_CheckIdleState
 .text.UART_WaitOnFlagUntilTimeout
                0x080042e8       0xda ./Drivers/STM32L4xx_HAL_Driver/Src/stm32l4xx_hal_uart.o
                0x080042e8                UART_WaitOnFlagUntilTimeout
 .text.UART_EndRxTransfer
                0x080043c2       0xc8 ./Drivers/STM32L4xx_HAL_Driver/Src/stm32l4xx_hal_uart.o
 *fill*         0x0800448a        0x2 
 .text.__NVIC_SetPriority
                0x0800448c       0x54 ./Middlewares/Third_Party/FreeRTOS/Source/CMSIS_RTOS_V2/cmsis_os2.o
 .text.SysTick_Handler
                0x080044e0       0x20 ./Middlewares/Third_Party/FreeRTOS/Source/CMSIS_RTOS_V2/cmsis_os2.o
                0x080044e0                SysTick_Handler
 .text.SVC_Setup
                0x08004500       0x12 ./Middlewares/Third_Party/FreeRTOS/Source/CMSIS_RTOS_V2/cmsis_os2.o
 *fill*         0x08004512        0x2 
 .text.osKernelInitialize
                0x08004514       0x48 ./Middlewares/Third_Party/FreeRTOS/Source/CMSIS_RTOS_V2/cmsis_os2.o
                0x08004514                osKernelInitialize
 .text.osKernelStart
                0x0800455c       0x4c ./Middlewares/Third_Party/FreeRTOS/Source/CMSIS_RTOS_V2/cmsis_os2.o
                0x0800455c                osKernelStart
 .text.osThreadNew
                0x080045a8      0x124 ./Middlewares/Third_Party/FreeRTOS/Source/CMSIS_RTOS_V2/cmsis_os2.o
                0x080045a8                osThreadNew
 .text.osDelay  0x080046cc       0x36 ./Middlewares/Third_Party/FreeRTOS/Source/CMSIS_RTOS_V2/cmsis_os2.o
                0x080046cc                osDelay
 .text.TimerCallback
                0x08004702       0x2a ./Middlewares/Third_Party/FreeRTOS/Source/CMSIS_RTOS_V2/cmsis_os2.o
 .text.osTimerNew
                0x0800472c       0xf8 ./Middlewares/Third_Party/FreeRTOS/Source/CMSIS_RTOS_V2/cmsis_os2.o
                0x0800472c                osTimerNew
 .text.osTimerStart
                0x08004824       0x5c ./Middlewares/Third_Party/FreeRTOS/Source/CMSIS_RTOS_V2/cmsis_os2.o
                0x08004824                osTimerStart
 .text.osTimerStop
                0x08004880       0x6e ./Middlewares/Third_Party/FreeRTOS/Source/CMSIS_RTOS_V2/cmsis_os2.o
                0x08004880                osTimerStop
 .text.osTimerIsRunning
                0x080048ee       0x38 ./Middlewares/Third_Party/FreeRTOS/Source/CMSIS_RTOS_V2/cmsis_os2.o
                0x080048ee                osTimerIsRunning
 .text.osMutexNew
                0x08004926      0x10c ./Middlewares/Third_Party/FreeRTOS/Source/CMSIS_RTOS_V2/cmsis_os2.o
                0x08004926                osMutexNew
 .text.osMutexAcquire
                0x08004a32       0x96 ./Middlewares/Third_Party/FreeRTOS/Source/CMSIS_RTOS_V2/cmsis_os2.o
                0x08004a32                osMutexAcquire
 .text.osMutexRelease
                0x08004ac8       0x7a ./Middlewares/Third_Party/FreeRTOS/Source/CMSIS_RTOS_V2/cmsis_os2.o
                0x08004ac8                osMutexRelease
 .text.osSemaphoreNew
                0x08004b42      0x112 ./Middlewares/Third_Party/FreeRTOS/Source/CMSIS_RTOS_V2/cmsis_os2.o
                0x08004b42                osSemaphoreNew
 .text.osSemaphoreAcquire
                0x08004c54       0xa4 ./Middlewares/Third_Party/FreeRTOS/Source/CMSIS_RTOS_V2/cmsis_os2.o
                0x08004c54                osSemaphoreAcquire
 .text.osSemaphoreRelease
                0x08004cf8       0x88 ./Middlewares/Third_Party/FreeRTOS/Source/CMSIS_RTOS_V2/cmsis_os2.o
                0x08004cf8                osSemaphoreRelease
 .text.vApplicationGetIdleTaskMemory
                0x08004d80       0x34 ./Middlewares/Third_Party/FreeRTOS/Source/CMSIS_RTOS_V2/cmsis_os2.o
                0x08004d80                vApplicationGetIdleTaskMemory
 .text.vApplicationGetTimerTaskMemory
                0x08004db4       0x34 ./Middlewares/Third_Party/FreeRTOS/Source/CMSIS_RTOS_V2/cmsis_os2.o
                0x08004db4                vApplicationGetTimerTaskMemory
 .text.vListInitialise
                0x08004de8       0x40 ./Middlewares/Third_Party/FreeRTOS/Source/list.o
                0x08004de8                vListInitialise
 .text.vListInitialiseItem
                0x08004e28       0x1a ./Middlewares/Third_Party/FreeRTOS/Source/list.o
                0x08004e28                vListInitialiseItem
 .text.vListInsertEnd
                0x08004e42       0x48 ./Middlewares/Third_Party/FreeRTOS/Source/list.o
                0x08004e42                vListInsertEnd
 .text.vListInsert
                0x08004e8a       0x72 ./Middlewares/Third_Party/FreeRTOS/Source/list.o
                0x08004e8a                vListInsert
 .text.uxListRemove
                0x08004efc       0x54 ./Middlewares/Third_Party/FreeRTOS/Source/list.o
                0x08004efc                uxListRemove
 .text.xQueueGenericReset
                0x08004f50       0xd4 ./Middlewares/Third_Party/FreeRTOS/Source/queue.o
                0x08004f50                xQueueGenericReset
 .text.xQueueGenericCreateStatic
                0x08005024       0xfa ./Middlewares/Third_Party/FreeRTOS/Source/queue.o
                0x08005024                xQueueGenericCreateStatic
 .text.xQueueGenericCreate
                0x0800511e       0x76 ./Middlewares/Third_Party/FreeRTOS/Source/queue.o
                0x0800511e                xQueueGenericCreate
 .text.prvInitialiseNewQueue
                0x08005194       0x46 ./Middlewares/Third_Party/FreeRTOS/Source/queue.o
 .text.prvInitialiseMutex
                0x080051da       0x34 ./Middlewares/Third_Party/FreeRTOS/Source/queue.o
 .text.xQueueCreateMutex
                0x0800520e       0x30 ./Middlewares/Third_Party/FreeRTOS/Source/queue.o
                0x0800520e                xQueueCreateMutex
 .text.xQueueCreateMutexStatic
                0x0800523e       0x36 ./Middlewares/Third_Party/FreeRTOS/Source/queue.o
                0x0800523e                xQueueCreateMutexStatic
 .text.xQueueGiveMutexRecursive
                0x08005274       0x6a ./Middlewares/Third_Party/FreeRTOS/Source/queue.o
                0x08005274                xQueueGiveMutexRecursive
 .text.xQueueTakeMutexRecursive
                0x080052de       0x6e ./Middlewares/Third_Party/FreeRTOS/Source/queue.o
                0x080052de                xQueueTakeMutexRecursive
 .text.xQueueCreateCountingSemaphoreStatic
                0x0800534c       0x72 ./Middlewares/Third_Party/FreeRTOS/Source/queue.o
                0x0800534c                xQueueCreateCountingSemaphoreStatic
 .text.xQueueCreateCountingSemaphore
                0x080053be       0x6a ./Middlewares/Third_Party/FreeRTOS/Source/queue.o
                0x080053be                xQueueCreateCountingSemaphore
 .text.xQueueGenericSend
                0x08005428      0x204 ./Middlewares/Third_Party/FreeRTOS/Source/queue.o
                0x08005428                xQueueGenericSend
 .text.xQueueGenericSendFromISR
                0x0800562c      0x13c ./Middlewares/Third_Party/FreeRTOS/Source/queue.o
                0x0800562c                xQueueGenericSendFromISR
 .text.xQueueGiveFromISR
                0x08005768      0x120 ./Middlewares/Third_Party/FreeRTOS/Source/queue.o
                0x08005768                xQueueGiveFromISR
 .text.xQueueReceive
                0x08005888      0x1c4 ./Middlewares/Third_Party/FreeRTOS/Source/queue.o
                0x08005888                xQueueReceive
 .text.xQueueSemaphoreTake
                0x08005a4c      0x220 ./Middlewares/Third_Party/FreeRTOS/Source/queue.o
                0x08005a4c                xQueueSemaphoreTake
 .text.xQueueReceiveFromISR
                0x08005c6c      0x104 ./Middlewares/Third_Party/FreeRTOS/Source/queue.o
                0x08005c6c                xQueueReceiveFromISR
 .text.vQueueDelete
                0x08005d70       0x48 ./Middlewares/Third_Party/FreeRTOS/Source/queue.o
                0x08005d70                vQueueDelete
 .text.prvGetDisinheritPriorityAfterTimeout
                0x08005db8       0x30 ./Middlewares/Third_Party/FreeRTOS/Source/queue.o
 .text.prvCopyDataToQueue
                0x08005de8       0xd4 ./Middlewares/Third_Party/FreeRTOS/Source/queue.o
 .text.prvCopyDataFromQueue
                0x08005ebc       0x4c ./Middlewares/Third_Party/FreeRTOS/Source/queue.o
 .text.prvUnlockQueue
                0x08005f08       0xa4 ./Middlewares/Third_Party/FreeRTOS/Source/queue.o
 .text.prvIsQueueEmpty
                0x08005fac       0x2c ./Middlewares/Third_Party/FreeRTOS/Source/queue.o
 .text.prvIsQueueFull
                0x08005fd8       0x30 ./Middlewares/Third_Party/FreeRTOS/Source/queue.o
 .text.vQueueAddToRegistry
                0x08006008       0x54 ./Middlewares/Third_Party/FreeRTOS/Source/queue.o
                0x08006008                vQueueAddToRegistry
 .text.vQueueUnregisterQueue
                0x0800605c       0x54 ./Middlewares/Third_Party/FreeRTOS/Source/queue.o
                0x0800605c                vQueueUnregisterQueue
 .text.vQueueWaitForMessageRestricted
                0x080060b0       0x68 ./Middlewares/Third_Party/FreeRTOS/Source/queue.o
                0x080060b0                vQueueWaitForMessageRestricted
 .text.xTaskCreateStatic
                0x08006118       0xc0 ./Middlewares/Third_Party/FreeRTOS/Source/tasks.o
                0x08006118                xTaskCreateStatic
 .text.xTaskCreate
                0x080061d8       0x8a ./Middlewares/Third_Party/FreeRTOS/Source/tasks.o
                0x080061d8                xTaskCreate
 *fill*         0x08006262        0x2 
 .text.prvInitialiseNewTask
                0x08006264      0x150 ./Middlewares/Third_Party/FreeRTOS/Source/tasks.o
 .text.prvAddNewTaskToReadyList
                0x080063b4       0xe0 ./Middlewares/Third_Party/FreeRTOS/Source/tasks.o
 .text.vTaskDelay
                0x08006494       0x6c ./Middlewares/Third_Party/FreeRTOS/Source/tasks.o
                0x08006494                vTaskDelay
 .text.vTaskStartScheduler
                0x08006500       0xe0 ./Middlewares/Third_Party/FreeRTOS/Source/tasks.o
                0x08006500                vTaskStartScheduler
 .text.vTaskSuspendAll
                0x080065e0       0x1c ./Middlewares/Third_Party/FreeRTOS/Source/tasks.o
                0x080065e0                vTaskSuspendAll
 .text.xTaskResumeAll
                0x080065fc      0x13c ./Middlewares/Third_Party/FreeRTOS/Source/tasks.o
                0x080065fc                xTaskResumeAll
 .text.xTaskGetTickCount
                0x08006738       0x20 ./Middlewares/Third_Party/FreeRTOS/Source/tasks.o
                0x08006738                xTaskGetTickCount
 .text.xTaskIncrementTick
                0x08006758      0x174 ./Middlewares/Third_Party/FreeRTOS/Source/tasks.o
                0x08006758                xTaskIncrementTick
 .text.vTaskSwitchContext
                0x080068cc       0xcc ./Middlewares/Third_Party/FreeRTOS/Source/tasks.o
                0x080068cc                vTaskSwitchContext
 .text.vTaskPlaceOnEventList
                0x08006998       0x4c ./Middlewares/Third_Party/FreeRTOS/Source/tasks.o
                0x08006998                vTaskPlaceOnEventList
 .text.vTaskPlaceOnEventListRestricted
                0x080069e4       0x58 ./Middlewares/Third_Party/FreeRTOS/Source/tasks.o
                0x080069e4                vTaskPlaceOnEventListRestricted
 .text.xTaskRemoveFromEventList
                0x08006a3c       0xc8 ./Middlewares/Third_Party/FreeRTOS/Source/tasks.o
                0x08006a3c                xTaskRemoveFromEventList
 .text.vTaskInternalSetTimeOutState
                0x08006b04       0x2c ./Middlewares/Third_Party/FreeRTOS/Source/tasks.o
                0x08006b04                vTaskInternalSetTimeOutState
 .text.xTaskCheckForTimeOut
                0x08006b30       0xc8 ./Middlewares/Third_Party/FreeRTOS/Source/tasks.o
                0x08006b30                xTaskCheckForTimeOut
 .text.vTaskMissedYield
                0x08006bf8       0x18 ./Middlewares/Third_Party/FreeRTOS/Source/tasks.o
                0x08006bf8                vTaskMissedYield
 .text.prvIdleTask
                0x08006c10       0x30 ./Middlewares/Third_Party/FreeRTOS/Source/tasks.o
 .text.prvInitialiseTaskLists
                0x08006c40       0x80 ./Middlewares/Third_Party/FreeRTOS/Source/tasks.o
 .text.prvCheckTasksWaitingTermination
                0x08006cc0       0x5c ./Middlewares/Third_Party/FreeRTOS/Source/tasks.o
 .text.prvDeleteTCB
                0x08006d1c       0x6a ./Middlewares/Third_Party/FreeRTOS/Source/tasks.o
 *fill*         0x08006d86        0x2 
 .text.prvResetNextTaskUnblockTime
                0x08006d88       0x40 ./Middlewares/Third_Party/FreeRTOS/Source/tasks.o
 .text.xTaskGetCurrentTaskHandle
                0x08006dc8       0x20 ./Middlewares/Third_Party/FreeRTOS/Source/tasks.o
                0x08006dc8                xTaskGetCurrentTaskHandle
 .text.xTaskGetSchedulerState
                0x08006de8       0x3c ./Middlewares/Third_Party/FreeRTOS/Source/tasks.o
                0x08006de8                xTaskGetSchedulerState
 .text.xTaskPriorityInherit
                0x08006e24       0xd0 ./Middlewares/Third_Party/FreeRTOS/Source/tasks.o
                0x08006e24                xTaskPriorityInherit
 .text.xTaskPriorityDisinherit
                0x08006ef4       0xe0 ./Middlewares/Third_Party/FreeRTOS/Source/tasks.o
                0x08006ef4                xTaskPriorityDisinherit
 .text.vTaskPriorityDisinheritAfterTimeout
                0x08006fd4      0x108 ./Middlewares/Third_Party/FreeRTOS/Source/tasks.o
                0x08006fd4                vTaskPriorityDisinheritAfterTimeout
 .text.pvTaskIncrementMutexHeldCount
                0x080070dc       0x28 ./Middlewares/Third_Party/FreeRTOS/Source/tasks.o
                0x080070dc                pvTaskIncrementMutexHeldCount
 .text.xTaskNotifyWait
                0x08007104       0xc0 ./Middlewares/Third_Party/FreeRTOS/Source/tasks.o
                0x08007104                xTaskNotifyWait
 .text.xTaskGenericNotifyFromISR
                0x080071c4      0x1cc ./Middlewares/Third_Party/FreeRTOS/Source/tasks.o
                0x080071c4                xTaskGenericNotifyFromISR
 .text.prvAddCurrentTaskToDelayedList
                0x08007390       0xa8 ./Middlewares/Third_Party/FreeRTOS/Source/tasks.o
 .text.xTimerCreateTimerTask
                0x08007438       0x94 ./Middlewares/Third_Party/FreeRTOS/Source/timers.o
                0x08007438                xTimerCreateTimerTask
 .text.xTimerCreate
                0x080074cc       0x42 ./Middlewares/Third_Party/FreeRTOS/Source/timers.o
                0x080074cc                xTimerCreate
 .text.xTimerCreateStatic
                0x0800750e       0x80 ./Middlewares/Third_Party/FreeRTOS/Source/timers.o
                0x0800750e                xTimerCreateStatic
 .text.prvInitialiseNewTimer
                0x0800758e       0x78 ./Middlewares/Third_Party/FreeRTOS/Source/timers.o
 *fill*         0x08007606        0x2 
 .text.xTimerGenericCommand
                0x08007608       0x9c ./Middlewares/Third_Party/FreeRTOS/Source/timers.o
                0x08007608                xTimerGenericCommand
 .text.prvProcessExpiredTimer
                0x080076a4       0x9c ./Middlewares/Third_Party/FreeRTOS/Source/timers.o
 .text.prvTimerTask
                0x08007740       0x26 ./Middlewares/Third_Party/FreeRTOS/Source/timers.o
 *fill*         0x08007766        0x2 
 .text.prvProcessTimerOrBlockTask
                0x08007768       0x9c ./Middlewares/Third_Party/FreeRTOS/Source/timers.o
 .text.prvGetNextExpireTime
                0x08007804       0x48 ./Middlewares/Third_Party/FreeRTOS/Source/timers.o
 .text.prvSampleTimeNow
                0x0800784c       0x40 ./Middlewares/Third_Party/FreeRTOS/Source/timers.o
 .text.prvInsertTimerInActiveList
                0x0800788c       0x84 ./Middlewares/Third_Party/FreeRTOS/Source/timers.o
 .text.prvProcessReceivedCommands
                0x08007910      0x1cc ./Middlewares/Third_Party/FreeRTOS/Source/timers.o
 .text.prvSwitchTimerLists
                0x08007adc       0xcc ./Middlewares/Third_Party/FreeRTOS/Source/timers.o
 .text.prvCheckForValidListAndQueue
                0x08007ba8       0x80 ./Middlewares/Third_Party/FreeRTOS/Source/timers.o
 .text.xTimerIsTimerActive
                0x08007c28       0x54 ./Middlewares/Third_Party/FreeRTOS/Source/timers.o
                0x08007c28                xTimerIsTimerActive
 .text.pvTimerGetTimerID
                0x08007c7c       0x42 ./Middlewares/Third_Party/FreeRTOS/Source/timers.o
                0x08007c7c                pvTimerGetTimerID
 *fill*         0x08007cbe        0x2 
 .text.pxPortInitialiseStack
                0x08007cc0       0x68 ./Middlewares/Third_Party/FreeRTOS/Source/portable/GCC/ARM_CM4F/port.o
                0x08007cc0                pxPortInitialiseStack
 .text.prvTaskExitError
                0x08007d28       0x5c ./Middlewares/Third_Party/FreeRTOS/Source/portable/GCC/ARM_CM4F/port.o
 *fill*         0x08007d84        0xc 
 .text.SVC_Handler
                0x08007d90       0x28 ./Middlewares/Third_Party/FreeRTOS/Source/portable/GCC/ARM_CM4F/port.o
                0x08007d90                SVC_Handler
 .text.prvPortStartFirstTask
                0x08007db8       0x28 ./Middlewares/Third_Party/FreeRTOS/Source/portable/GCC/ARM_CM4F/port.o
 .text.xPortStartScheduler
                0x08007de0      0x148 ./Middlewares/Third_Party/FreeRTOS/Source/portable/GCC/ARM_CM4F/port.o
                0x08007de0                xPortStartScheduler
 .text.vPortEnterCritical
                0x08007f28       0x64 ./Middlewares/Third_Party/FreeRTOS/Source/portable/GCC/ARM_CM4F/port.o
                0x08007f28                vPortEnterCritical
 .text.vPortExitCritical
                0x08007f8c       0x54 ./Middlewares/Third_Party/FreeRTOS/Source/portable/GCC/ARM_CM4F/port.o
                0x08007f8c                vPortExitCritical
 .text.PendSV_Handler
                0x08007fe0       0x68 ./Middlewares/Third_Party/FreeRTOS/Source/portable/GCC/ARM_CM4F/port.o
                0x08007fe0                PendSV_Handler
 .text.xPortSysTickHandler
                0x08008048       0x44 ./Middlewares/Third_Party/FreeRTOS/Source/portable/GCC/ARM_CM4F/port.o
                0x08008048                xPortSysTickHandler
 .text.vPortSetupTimerInterrupt
                0x0800808c       0x48 ./Middlewares/Third_Party/FreeRTOS/Source/portable/GCC/ARM_CM4F/port.o
                0x0800808c                vPortSetupTimerInterrupt
 .text.vPortEnableVFP
                0x080080d4       0x14 ./Middlewares/Third_Party/FreeRTOS/Source/portable/GCC/ARM_CM4F/port.o
 .text.vPortValidateInterruptPriority
                0x080080e8       0x84 ./Middlewares/Third_Party/FreeRTOS/Source/portable/GCC/ARM_CM4F/port.o
                0x080080e8                vPortValidateInterruptPriority
 .text.pvPortMalloc
                0x0800816c      0x19c ./Middlewares/Third_Party/FreeRTOS/Source/portable/MemMang/heap_4.o
                0x0800816c                pvPortMalloc
 .text.vPortFree
                0x08008308       0xc8 ./Middlewares/Third_Party/FreeRTOS/Source/portable/MemMang/heap_4.o
                0x08008308                vPortFree
 .text.prvHeapInit
                0x080083d0       0xc4 ./Middlewares/Third_Party/FreeRTOS/Source/portable/MemMang/heap_4.o
 .text.prvInsertBlockIntoFreeList
                0x08008494       0xb4 ./Middlewares/Third_Party/FreeRTOS/Source/portable/MemMang/heap_4.o
 .text.rand     0x08008548       0x7c C:/ST/STM32CubeIDE_1.13.2/STM32CubeIDE/plugins/com.st.stm32cube.ide.mcu.externaltools.gnu-tools-for-stm32.13.3.rel1.win32_1.0.0.202411081344/tools/bin/../lib/gcc/arm-none-eabi/13.3.1/../../../../arm-none-eabi/lib/thumb/v7e-m+fp/hard\libc_nano.a(libc_a-rand.o)
                0x08008548                rand
 .text.std      0x080085c4       0x6c C:/ST/STM32CubeIDE_1.13.2/STM32CubeIDE/plugins/com.st.stm32cube.ide.mcu.externaltools.gnu-tools-for-stm32.13.3.rel1.win32_1.0.0.202411081344/tools/bin/../lib/gcc/arm-none-eabi/13.3.1/../../../../arm-none-eabi/lib/thumb/v7e-m+fp/hard\libc_nano.a(libc_a-findfp.o)
 .text.stdio_exit_handler
                0x08008630       0x18 C:/ST/STM32CubeIDE_1.13.2/STM32CubeIDE/plugins/com.st.stm32cube.ide.mcu.externaltools.gnu-tools-for-stm32.13.3.rel1.win32_1.0.0.202411081344/tools/bin/../lib/gcc/arm-none-eabi/13.3.1/../../../../arm-none-eabi/lib/thumb/v7e-m+fp/hard\libc_nano.a(libc_a-findfp.o)
 .text.cleanup_stdio
                0x08008648       0x40 C:/ST/STM32CubeIDE_1.13.2/STM32CubeIDE/plugins/com.st.stm32cube.ide.mcu.externaltools.gnu-tools-for-stm32.13.3.rel1.win32_1.0.0.202411081344/tools/bin/../lib/gcc/arm-none-eabi/13.3.1/../../../../arm-none-eabi/lib/thumb/v7e-m+fp/hard\libc_nano.a(libc_a-findfp.o)
 .text.global_stdio_init.part.0
                0x08008688       0x3c C:/ST/STM32CubeIDE_1.13.2/STM32CubeIDE/plugins/com.st.stm32cube.ide.mcu.externaltools.gnu-tools-for-stm32.13.3.rel1.win32_1.0.0.202411081344/tools/bin/../lib/gcc/arm-none-eabi/13.3.1/../../../../arm-none-eabi/lib/thumb/v7e-m+fp/hard\libc_nano.a(libc_a-findfp.o)
 .text.__sfp_lock_acquire
                0x080086c4        0xc C:/ST/STM32CubeIDE_1.13.2/STM32CubeIDE/plugins/com.st.stm32cube.ide.mcu.externaltools.gnu-tools-for-stm32.13.3.rel1.win32_1.0.0.202411081344/tools/bin/../lib/gcc/arm-none-eabi/13.3.1/../../../../arm-none-eabi/lib/thumb/v7e-m+fp/hard\libc_nano.a(libc_a-findfp.o)
                0x080086c4                __sfp_lock_acquire
 .text.__sfp_lock_release
                0x080086d0        0xc C:/ST/STM32CubeIDE_1.13.2/STM32CubeIDE/plugins/com.st.stm32cube.ide.mcu.externaltools.gnu-tools-for-stm32.13.3.rel1.win32_1.0.0.202411081344/tools/bin/../lib/gcc/arm-none-eabi/13.3.1/../../../../arm-none-eabi/lib/thumb/v7e-m+fp/hard\libc_nano.a(libc_a-findfp.o)
                0x080086d0                __sfp_lock_release
 .text.__sinit  0x080086dc       0x30 C:/ST/STM32CubeIDE_1.13.2/STM32CubeIDE/plugins/com.st.stm32cube.ide.mcu.externaltools.gnu-tools-for-stm32.13.3.rel1.win32_1.0.0.202411081344/tools/bin/../lib/gcc/arm-none-eabi/13.3.1/../../../../arm-none-eabi/lib/thumb/v7e-m+fp/hard\libc_nano.a(libc_a-findfp.o)
                0x080086dc                __sinit
 .text._fwalk_sglue
                0x0800870c       0x3c C:/ST/STM32CubeIDE_1.13.2/STM32CubeIDE/plugins/com.st.stm32cube.ide.mcu.externaltools.gnu-tools-for-stm32.13.3.rel1.win32_1.0.0.202411081344/tools/bin/../lib/gcc/arm-none-eabi/13.3.1/../../../../arm-none-eabi/lib/thumb/v7e-m+fp/hard\libc_nano.a(libc_a-fwalk.o)
                0x0800870c                _fwalk_sglue
 .text.printf   0x08008748       0x24 C:/ST/STM32CubeIDE_1.13.2/STM32CubeIDE/plugins/com.st.stm32cube.ide.mcu.externaltools.gnu-tools-for-stm32.13.3.rel1.win32_1.0.0.202411081344/tools/bin/../lib/gcc/arm-none-eabi/13.3.1/../../../../arm-none-eabi/lib/thumb/v7e-m+fp/hard\libc_nano.a(libc_a-printf.o)
                0x08008748                iprintf
                0x08008748                printf
 .text.__sread  0x0800876c       0x22 C:/ST/STM32CubeIDE_1.13.2/STM32CubeIDE/plugins/com.st.stm32cube.ide.mcu.externaltools.gnu-tools-for-stm32.13.3.rel1.win32_1.0.0.202411081344/tools/bin/../lib/gcc/arm-none-eabi/13.3.1/../../../../arm-none-eabi/lib/thumb/v7e-m+fp/hard\libc_nano.a(libc_a-stdio.o)
                0x0800876c                __sread
 .text.__swrite
                0x0800878e       0x38 C:/ST/STM32CubeIDE_1.13.2/STM32CubeIDE/plugins/com.st.stm32cube.ide.mcu.externaltools.gnu-tools-for-stm32.13.3.rel1.win32_1.0.0.202411081344/tools/bin/../lib/gcc/arm-none-eabi/13.3.1/../../../../arm-none-eabi/lib/thumb/v7e-m+fp/hard\libc_nano.a(libc_a-stdio.o)
                0x0800878e                __swrite
 .text.__sseek  0x080087c6       0x24 C:/ST/STM32CubeIDE_1.13.2/STM32CubeIDE/plugins/com.st.stm32cube.ide.mcu.externaltools.gnu-tools-for-stm32.13.3.rel1.win32_1.0.0.202411081344/tools/bin/../lib/gcc/arm-none-eabi/13.3.1/../../../../arm-none-eabi/lib/thumb/v7e-m+fp/hard\libc_nano.a(libc_a-stdio.o)
                0x080087c6                __sseek
 .text.__sclose
                0x080087ea        0x8 C:/ST/STM32CubeIDE_1.13.2/STM32CubeIDE/plugins/com.st.stm32cube.ide.mcu.externaltools.gnu-tools-for-stm32.13.3.rel1.win32_1.0.0.202411081344/tools/bin/../lib/gcc/arm-none-eabi/13.3.1/../../../../arm-none-eabi/lib/thumb/v7e-m+fp/hard\libc_nano.a(libc_a-stdio.o)
                0x080087ea                __sclose
 .text.memset   0x080087f2       0x10 C:/ST/STM32CubeIDE_1.13.2/STM32CubeIDE/plugins/com.st.stm32cube.ide.mcu.externaltools.gnu-tools-for-stm32.13.3.rel1.win32_1.0.0.202411081344/tools/bin/../lib/gcc/arm-none-eabi/13.3.1/../../../../arm-none-eabi/lib/thumb/v7e-m+fp/hard\libc_nano.a(libc_a-memset.o)
                0x080087f2                memset
 *fill*         0x08008802        0x2 
 .text._close_r
                0x08008804       0x20 C:/ST/STM32CubeIDE_1.13.2/STM32CubeIDE/plugins/com.st.stm32cube.ide.mcu.externaltools.gnu-tools-for-stm32.13.3.rel1.win32_1.0.0.202411081344/tools/bin/../lib/gcc/arm-none-eabi/13.3.1/../../../../arm-none-eabi/lib/thumb/v7e-m+fp/hard\libc_nano.a(libc_a-closer.o)
                0x08008804                _close_r
 .text._reclaim_reent
                0x08008824       0xbc C:/ST/STM32CubeIDE_1.13.2/STM32CubeIDE/plugins/com.st.stm32cube.ide.mcu.externaltools.gnu-tools-for-stm32.13.3.rel1.win32_1.0.0.202411081344/tools/bin/../lib/gcc/arm-none-eabi/13.3.1/../../../../arm-none-eabi/lib/thumb/v7e-m+fp/hard\libc_nano.a(libc_a-reent.o)
                0x08008824                _reclaim_reent
 .text._lseek_r
                0x080088e0       0x24 C:/ST/STM32CubeIDE_1.13.2/STM32CubeIDE/plugins/com.st.stm32cube.ide.mcu.externaltools.gnu-tools-for-stm32.13.3.rel1.win32_1.0.0.202411081344/tools/bin/../lib/gcc/arm-none-eabi/13.3.1/../../../../arm-none-eabi/lib/thumb/v7e-m+fp/hard\libc_nano.a(libc_a-lseekr.o)
                0x080088e0                _lseek_r
 .text._read_r  0x08008904       0x24 C:/ST/STM32CubeIDE_1.13.2/STM32CubeIDE/plugins/com.st.stm32cube.ide.mcu.externaltools.gnu-tools-for-stm32.13.3.rel1.win32_1.0.0.202411081344/tools/bin/../lib/gcc/arm-none-eabi/13.3.1/../../../../arm-none-eabi/lib/thumb/v7e-m+fp/hard\libc_nano.a(libc_a-readr.o)
                0x08008904                _read_r
 .text._write_r
                0x08008928       0x24 C:/ST/STM32CubeIDE_1.13.2/STM32CubeIDE/plugins/com.st.stm32cube.ide.mcu.externaltools.gnu-tools-for-stm32.13.3.rel1.win32_1.0.0.202411081344/tools/bin/../lib/gcc/arm-none-eabi/13.3.1/../../../../arm-none-eabi/lib/thumb/v7e-m+fp/hard\libc_nano.a(libc_a-writer.o)
                0x08008928                _write_r
 .text.__errno  0x0800894c        0xc C:/ST/STM32CubeIDE_1.13.2/STM32CubeIDE/plugins/com.st.stm32cube.ide.mcu.externaltools.gnu-tools-for-stm32.13.3.rel1.win32_1.0.0.202411081344/tools/bin/../lib/gcc/arm-none-eabi/13.3.1/../../../../arm-none-eabi/lib/thumb/v7e-m+fp/hard\libc_nano.a(libc_a-errno.o)
                0x0800894c                __errno
 .text.__libc_init_array
                0x08008958       0x48 C:/ST/STM32CubeIDE_1.13.2/STM32CubeIDE/plugins/com.st.stm32cube.ide.mcu.externaltools.gnu-tools-for-stm32.13.3.rel1.win32_1.0.0.202411081344/tools/bin/../lib/gcc/arm-none-eabi/13.3.1/../../../../arm-none-eabi/lib/thumb/v7e-m+fp/hard\libc_nano.a(libc_a-init.o)
                0x08008958                __libc_init_array
 .text.__retarget_lock_init_recursive
                0x080089a0        0x2 C:/ST/STM32CubeIDE_1.13.2/STM32CubeIDE/plugins/com.st.stm32cube.ide.mcu.externaltools.gnu-tools-for-stm32.13.3.rel1.win32_1.0.0.202411081344/tools/bin/../lib/gcc/arm-none-eabi/13.3.1/../../../../arm-none-eabi/lib/thumb/v7e-m+fp/hard\libc_nano.a(libc_a-lock.o)
                0x080089a0                __retarget_lock_init_recursive
 .text.__retarget_lock_acquire_recursive
                0x080089a2        0x2 C:/ST/STM32CubeIDE_1.13.2/STM32CubeIDE/plugins/com.st.stm32cube.ide.mcu.externaltools.gnu-tools-for-stm32.13.3.rel1.win32_1.0.0.202411081344/tools/bin/../lib/gcc/arm-none-eabi/13.3.1/../../../../arm-none-eabi/lib/thumb/v7e-m+fp/hard\libc_nano.a(libc_a-lock.o)
                0x080089a2                __retarget_lock_acquire_recursive
 .text.__retarget_lock_release_recursive
                0x080089a4        0x2 C:/ST/STM32CubeIDE_1.13.2/STM32CubeIDE/plugins/com.st.stm32cube.ide.mcu.externaltools.gnu-tools-for-stm32.13.3.rel1.win32_1.0.0.202411081344/tools/bin/../lib/gcc/arm-none-eabi/13.3.1/../../../../arm-none-eabi/lib/thumb/v7e-m+fp/hard\libc_nano.a(libc_a-lock.o)
                0x080089a4                __retarget_lock_release_recursive
 .text.memcpy   0x080089a6       0x1c C:/ST/STM32CubeIDE_1.13.2/STM32CubeIDE/plugins/com.st.stm32cube.ide.mcu.externaltools.gnu-tools-for-stm32.13.3.rel1.win32_1.0.0.202411081344/tools/bin/../lib/gcc/arm-none-eabi/13.3.1/../../../../arm-none-eabi/lib/thumb/v7e-m+fp/hard\libc_nano.a(libc_a-memcpy-stub.o)
                0x080089a6                memcpy
 *fill*         0x080089c2        0x2 
 .text.__assert_func
                0x080089c4       0x3c C:/ST/STM32CubeIDE_1.13.2/STM32CubeIDE/plugins/com.st.stm32cube.ide.mcu.externaltools.gnu-tools-for-stm32.13.3.rel1.win32_1.0.0.202411081344/tools/bin/../lib/gcc/arm-none-eabi/13.3.1/../../../../arm-none-eabi/lib/thumb/v7e-m+fp/hard\libc_nano.a(libc_a-assert.o)
                0x080089c4                __assert_func
 .text._free_r  0x08008a00       0x94 C:/ST/STM32CubeIDE_1.13.2/STM32CubeIDE/plugins/com.st.stm32cube.ide.mcu.externaltools.gnu-tools-for-stm32.13.3.rel1.win32_1.0.0.202411081344/tools/bin/../lib/gcc/arm-none-eabi/13.3.1/../../../../arm-none-eabi/lib/thumb/v7e-m+fp/hard\libc_nano.a(libc_a-freer.o)
                0x08008a00                _free_r
 .text.malloc   0x08008a94       0x10 C:/ST/STM32CubeIDE_1.13.2/STM32CubeIDE/plugins/com.st.stm32cube.ide.mcu.externaltools.gnu-tools-for-stm32.13.3.rel1.win32_1.0.0.202411081344/tools/bin/../lib/gcc/arm-none-eabi/13.3.1/../../../../arm-none-eabi/lib/thumb/v7e-m+fp/hard\libc_nano.a(libc_a-malloc.o)
                0x08008a94                malloc
 .text.sbrk_aligned
                0x08008aa4       0x44 C:/ST/STM32CubeIDE_1.13.2/STM32CubeIDE/plugins/com.st.stm32cube.ide.mcu.externaltools.gnu-tools-for-stm32.13.3.rel1.win32_1.0.0.202411081344/tools/bin/../lib/gcc/arm-none-eabi/13.3.1/../../../../arm-none-eabi/lib/thumb/v7e-m+fp/hard\libc_nano.a(libc_a-mallocr.o)
 .text._malloc_r
                0x08008ae8      0x100 C:/ST/STM32CubeIDE_1.13.2/STM32CubeIDE/plugins/com.st.stm32cube.ide.mcu.externaltools.gnu-tools-for-stm32.13.3.rel1.win32_1.0.0.202411081344/tools/bin/../lib/gcc/arm-none-eabi/13.3.1/../../../../arm-none-eabi/lib/thumb/v7e-m+fp/hard\libc_nano.a(libc_a-mallocr.o)
                0x08008ae8                _malloc_r
 .text.__malloc_lock
                0x08008be8        0xc C:/ST/STM32CubeIDE_1.13.2/STM32CubeIDE/plugins/com.st.stm32cube.ide.mcu.externaltools.gnu-tools-for-stm32.13.3.rel1.win32_1.0.0.202411081344/tools/bin/../lib/gcc/arm-none-eabi/13.3.1/../../../../arm-none-eabi/lib/thumb/v7e-m+fp/hard\libc_nano.a(libc_a-mlock.o)
                0x08008be8                __malloc_lock
 .text.__malloc_unlock
                0x08008bf4        0xc C:/ST/STM32CubeIDE_1.13.2/STM32CubeIDE/plugins/com.st.stm32cube.ide.mcu.externaltools.gnu-tools-for-stm32.13.3.rel1.win32_1.0.0.202411081344/tools/bin/../lib/gcc/arm-none-eabi/13.3.1/../../../../arm-none-eabi/lib/thumb/v7e-m+fp/hard\libc_nano.a(libc_a-mlock.o)
                0x08008bf4                __malloc_unlock
 .text.__sfputc_r
                0x08008c00       0x2e C:/ST/STM32CubeIDE_1.13.2/STM32CubeIDE/plugins/com.st.stm32cube.ide.mcu.externaltools.gnu-tools-for-stm32.13.3.rel1.win32_1.0.0.202411081344/tools/bin/../lib/gcc/arm-none-eabi/13.3.1/../../../../arm-none-eabi/lib/thumb/v7e-m+fp/hard\libc_nano.a(libc_a-nano-vfprintf.o)
 .text.__sfputs_r
                0x08008c2e       0x24 C:/ST/STM32CubeIDE_1.13.2/STM32CubeIDE/plugins/com.st.stm32cube.ide.mcu.externaltools.gnu-tools-for-stm32.13.3.rel1.win32_1.0.0.202411081344/tools/bin/../lib/gcc/arm-none-eabi/13.3.1/../../../../arm-none-eabi/lib/thumb/v7e-m+fp/hard\libc_nano.a(libc_a-nano-vfprintf.o)
                0x08008c2e                __sfputs_r
 *fill*         0x08008c52        0x2 
 .text._vfprintf_r
                0x08008c54      0x230 C:/ST/STM32CubeIDE_1.13.2/STM32CubeIDE/plugins/com.st.stm32cube.ide.mcu.externaltools.gnu-tools-for-stm32.13.3.rel1.win32_1.0.0.202411081344/tools/bin/../lib/gcc/arm-none-eabi/13.3.1/../../../../arm-none-eabi/lib/thumb/v7e-m+fp/hard\libc_nano.a(libc_a-nano-vfprintf.o)
                0x08008c54                _vfprintf_r
                0x08008c54                _vfiprintf_r
 .text._printf_common
                0x08008e84       0xda C:/ST/STM32CubeIDE_1.13.2/STM32CubeIDE/plugins/com.st.stm32cube.ide.mcu.externaltools.gnu-tools-for-stm32.13.3.rel1.win32_1.0.0.202411081344/tools/bin/../lib/gcc/arm-none-eabi/13.3.1/../../../../arm-none-eabi/lib/thumb/v7e-m+fp/hard\libc_nano.a(libc_a-nano-vfprintf_i.o)
                0x08008e84                _printf_common
 *fill*         0x08008f5e        0x2 
 .text._printf_i
                0x08008f60      0x23c C:/ST/STM32CubeIDE_1.13.2/STM32CubeIDE/plugins/com.st.stm32cube.ide.mcu.externaltools.gnu-tools-for-stm32.13.3.rel1.win32_1.0.0.202411081344/tools/bin/../lib/gcc/arm-none-eabi/13.3.1/../../../../arm-none-eabi/lib/thumb/v7e-m+fp/hard\libc_nano.a(libc_a-nano-vfprintf_i.o)
                0x08008f60                _printf_i
 .text.__sflush_r
                0x0800919c      0x108 C:/ST/STM32CubeIDE_1.13.2/STM32CubeIDE/plugins/com.st.stm32cube.ide.mcu.externaltools.gnu-tools-for-stm32.13.3.rel1.win32_1.0.0.202411081344/tools/bin/../lib/gcc/arm-none-eabi/13.3.1/../../../../arm-none-eabi/lib/thumb/v7e-m+fp/hard\libc_nano.a(libc_a-fflush.o)
                0x0800919c                __sflush_r
 .text._fflush_r
                0x080092a4       0x50 C:/ST/STM32CubeIDE_1.13.2/STM32CubeIDE/plugins/com.st.stm32cube.ide.mcu.externaltools.gnu-tools-for-stm32.13.3.rel1.win32_1.0.0.202411081344/tools/bin/../lib/gcc/arm-none-eabi/13.3.1/../../../../arm-none-eabi/lib/thumb/v7e-m+fp/hard\libc_nano.a(libc_a-fflush.o)
                0x080092a4                _fflush_r
 .text.fprintf  0x080092f4       0x24 C:/ST/STM32CubeIDE_1.13.2/STM32CubeIDE/plugins/com.st.stm32cube.ide.mcu.externaltools.gnu-tools-for-stm32.13.3.rel1.win32_1.0.0.202411081344/tools/bin/../lib/gcc/arm-none-eabi/13.3.1/../../../../arm-none-eabi/lib/thumb/v7e-m+fp/hard\libc_nano.a(libc_a-fprintf.o)
                0x080092f4                fiprintf
                0x080092f4                fprintf
 .text.__swbuf_r
                0x08009318       0x7c C:/ST/STM32CubeIDE_1.13.2/STM32CubeIDE/plugins/com.st.stm32cube.ide.mcu.externaltools.gnu-tools-for-stm32.13.3.rel1.win32_1.0.0.202411081344/tools/bin/../lib/gcc/arm-none-eabi/13.3.1/../../../../arm-none-eabi/lib/thumb/v7e-m+fp/hard\libc_nano.a(libc_a-wbuf.o)
                0x08009318                __swbuf_r
 .text.__swsetup_r
                0x08009394       0xac C:/ST/STM32CubeIDE_1.13.2/STM32CubeIDE/plugins/com.st.stm32cube.ide.mcu.externaltools.gnu-tools-for-stm32.13.3.rel1.win32_1.0.0.202411081344/tools/bin/../lib/gcc/arm-none-eabi/13.3.1/../../../../arm-none-eabi/lib/thumb/v7e-m+fp/hard\libc_nano.a(libc_a-wsetup.o)
                0x08009394                __swsetup_r
 .text._sbrk_r  0x08009440       0x20 C:/ST/STM32CubeIDE_1.13.2/STM32CubeIDE/plugins/com.st.stm32cube.ide.mcu.externaltools.gnu-tools-for-stm32.13.3.rel1.win32_1.0.0.202411081344/tools/bin/../lib/gcc/arm-none-eabi/13.3.1/../../../../arm-none-eabi/lib/thumb/v7e-m+fp/hard\libc_nano.a(libc_a-sbrkr.o)
                0x08009440                _sbrk_r
 .text.abort    0x08009460        0xe C:/ST/STM32CubeIDE_1.13.2/STM32CubeIDE/plugins/com.st.stm32cube.ide.mcu.externaltools.gnu-tools-for-stm32.13.3.rel1.win32_1.0.0.202411081344/tools/bin/../lib/gcc/arm-none-eabi/13.3.1/../../../../arm-none-eabi/lib/thumb/v7e-m+fp/hard\libc_nano.a(libc_a-abort.o)
                0x08009460                abort
 .text.__swhatbuf_r
                0x0800946e       0x4c C:/ST/STM32CubeIDE_1.13.2/STM32CubeIDE/plugins/com.st.stm32cube.ide.mcu.externaltools.gnu-tools-for-stm32.13.3.rel1.win32_1.0.0.202411081344/tools/bin/../lib/gcc/arm-none-eabi/13.3.1/../../../../arm-none-eabi/lib/thumb/v7e-m+fp/hard\libc_nano.a(libc_a-makebuf.o)
                0x0800946e                __swhatbuf_r
 .text.__smakebuf_r
                0x080094ba       0x78 C:/ST/STM32CubeIDE_1.13.2/STM32CubeIDE/plugins/com.st.stm32cube.ide.mcu.externaltools.gnu-tools-for-stm32.13.3.rel1.win32_1.0.0.202411081344/tools/bin/../lib/gcc/arm-none-eabi/13.3.1/../../../../arm-none-eabi/lib/thumb/v7e-m+fp/hard\libc_nano.a(libc_a-makebuf.o)
                0x080094ba                __smakebuf_r
 .text._raise_r
                0x08009532       0x50 C:/ST/STM32CubeIDE_1.13.2/STM32CubeIDE/plugins/com.st.stm32cube.ide.mcu.externaltools.gnu-tools-for-stm32.13.3.rel1.win32_1.0.0.202411081344/tools/bin/../lib/gcc/arm-none-eabi/13.3.1/../../../../arm-none-eabi/lib/thumb/v7e-m+fp/hard\libc_nano.a(libc_a-signal.o)
                0x08009532                _raise_r
 *fill*         0x08009582        0x2 
 .text.raise    0x08009584       0x10 C:/ST/STM32CubeIDE_1.13.2/STM32CubeIDE/plugins/com.st.stm32cube.ide.mcu.externaltools.gnu-tools-for-stm32.13.3.rel1.win32_1.0.0.202411081344/tools/bin/../lib/gcc/arm-none-eabi/13.3.1/../../../../arm-none-eabi/lib/thumb/v7e-m+fp/hard\libc_nano.a(libc_a-signal.o)
                0x08009584                raise
 .text._fstat_r
                0x08009594       0x24 C:/ST/STM32CubeIDE_1.13.2/STM32CubeIDE/plugins/com.st.stm32cube.ide.mcu.externaltools.gnu-tools-for-stm32.13.3.rel1.win32_1.0.0.202411081344/tools/bin/../lib/gcc/arm-none-eabi/13.3.1/../../../../arm-none-eabi/lib/thumb/v7e-m+fp/hard\libc_nano.a(libc_a-fstatr.o)
                0x08009594                _fstat_r
 .text._isatty_r
                0x080095b8       0x20 C:/ST/STM32CubeIDE_1.13.2/STM32CubeIDE/plugins/com.st.stm32cube.ide.mcu.externaltools.gnu-tools-for-stm32.13.3.rel1.win32_1.0.0.202411081344/tools/bin/../lib/gcc/arm-none-eabi/13.3.1/../../../../arm-none-eabi/lib/thumb/v7e-m+fp/hard\libc_nano.a(libc_a-isattyr.o)
                0x080095b8                _isatty_r
 .text._kill_r  0x080095d8       0x24 C:/ST/STM32CubeIDE_1.13.2/STM32CubeIDE/plugins/com.st.stm32cube.ide.mcu.externaltools.gnu-tools-for-stm32.13.3.rel1.win32_1.0.0.202411081344/tools/bin/../lib/gcc/arm-none-eabi/13.3.1/../../../../arm-none-eabi/lib/thumb/v7e-m+fp/hard\libc_nano.a(libc_a-signalr.o)
                0x080095d8                _kill_r
 .text._getpid_r
                0x080095fc        0x4 C:/ST/STM32CubeIDE_1.13.2/STM32CubeIDE/plugins/com.st.stm32cube.ide.mcu.externaltools.gnu-tools-for-stm32.13.3.rel1.win32_1.0.0.202411081344/tools/bin/../lib/gcc/arm-none-eabi/13.3.1/../../../../arm-none-eabi/lib/thumb/v7e-m+fp/hard\libc_nano.a(libc_a-signalr.o)
                0x080095fc                _getpid_r
 *(.glue_7)
 .glue_7        0x08009600        0x0 linker stubs
 *(.glue_7t)
 .glue_7t       0x08009600        0x0 linker stubs
 *(.eh_frame)
 .eh_frame      0x08009600        0x0 C:/ST/STM32CubeIDE_1.13.2/STM32CubeIDE/plugins/com.st.stm32cube.ide.mcu.externaltools.gnu-tools-for-stm32.13.3.rel1.win32_1.0.0.202411081344/tools/bin/../lib/gcc/arm-none-eabi/13.3.1/thumb/v7e-m+fp/hard/crtbegin.o
 *(.init)
 .init          0x08009600        0x4 C:/ST/STM32CubeIDE_1.13.2/STM32CubeIDE/plugins/com.st.stm32cube.ide.mcu.externaltools.gnu-tools-for-stm32.13.3.rel1.win32_1.0.0.202411081344/tools/bin/../lib/gcc/arm-none-eabi/13.3.1/thumb/v7e-m+fp/hard/crti.o
                0x08009600                _init
 .init          0x08009604        0x8 C:/ST/STM32CubeIDE_1.13.2/STM32CubeIDE/plugins/com.st.stm32cube.ide.mcu.externaltools.gnu-tools-for-stm32.13.3.rel1.win32_1.0.0.202411081344/tools/bin/../lib/gcc/arm-none-eabi/13.3.1/thumb/v7e-m+fp/hard/crtn.o
 *(.fini)
 .fini          0x0800960c        0x4 C:/ST/STM32CubeIDE_1.13.2/STM32CubeIDE/plugins/com.st.stm32cube.ide.mcu.externaltools.gnu-tools-for-stm32.13.3.rel1.win32_1.0.0.202411081344/tools/bin/../lib/gcc/arm-none-eabi/13.3.1/thumb/v7e-m+fp/hard/crti.o
                0x0800960c                _fini
 .fini          0x08009610        0x8 C:/ST/STM32CubeIDE_1.13.2/STM32CubeIDE/plugins/com.st.stm32cube.ide.mcu.externaltools.gnu-tools-for-stm32.13.3.rel1.win32_1.0.0.202411081344/tools/bin/../lib/gcc/arm-none-eabi/13.3.1/thumb/v7e-m+fp/hard/crtn.o
                0x08009618                        . = ALIGN (0x4)
                0x08009618                        _etext = .

.vfp11_veneer   0x08009618        0x0
 .vfp11_veneer  0x08009618        0x0 linker stubs

.v4_bx          0x08009618        0x0
 .v4_bx         0x08009618        0x0 linker stubs

.iplt           0x08009618        0x0
 .iplt          0x08009618        0x0 C:/ST/STM32CubeIDE_1.13.2/STM32CubeIDE/plugins/com.st.stm32cube.ide.mcu.externaltools.gnu-tools-for-stm32.13.3.rel1.win32_1.0.0.202411081344/tools/bin/../lib/gcc/arm-none-eabi/13.3.1/thumb/v7e-m+fp/hard/crtbegin.o

.rodata         0x08009618      0x48c
                0x08009618                        . = ALIGN (0x4)
 *(.rodata)
 .rodata        0x08009618      0x13e ./Core/Src/main.o
 *fill*         0x08009756        0x2 
 .rodata        0x08009758        0x5 ./Middlewares/Third_Party/FreeRTOS/Source/tasks.o
 *fill*         0x0800975d        0x3 
 .rodata        0x08009760        0xd ./Middlewares/Third_Party/FreeRTOS/Source/timers.o
 *(.rodata*)
 *fill*         0x0800976d        0x3 
 .rodata.SEGMENT_MAP
                0x08009770        0xa ./Core/Src/MultiFunctionShield.o
                0x08009770                SEGMENT_MAP
 *fill*         0x0800977a        0x2 
 .rodata.SEGMENT_SELECT
                0x0800977c        0x4 ./Core/Src/MultiFunctionShield.o
                0x0800977c                SEGMENT_SELECT
 .rodata.defaultTask_attributes
                0x08009780       0x24 ./Core/Src/main.o
                0x08009780                defaultTask_attributes
 .rodata.NotifyToggle_attributes
                0x080097a4       0x24 ./Core/Src/main.o
                0x080097a4                NotifyToggle_attributes
 .rodata.SW_Timer_Toggle_attributes
                0x080097c8       0x24 ./Core/Src/main.o
                0x080097c8                SW_Timer_Toggle_attributes
 .rodata.Mutex_CountUp_attributes
                0x080097ec       0x24 ./Core/Src/main.o
                0x080097ec                Mutex_CountUp_attributes
 .rodata.Mutex_CountDown_attributes
                0x08009810       0x24 ./Core/Src/main.o
                0x08009810                Mutex_CountDown_attributes
 .rodata.UpdateGlobDisp_attributes
                0x08009834       0x24 ./Core/Src/main.o
                0x08009834                UpdateGlobDisp_attributes
 .rodata.ResetGlobal_attributes
                0x08009858       0x24 ./Core/Src/main.o
                0x08009858                ResetGlobal_attributes
 .rodata.DebounceTask_attributes
                0x0800987c       0x24 ./Core/Src/main.o
                0x0800987c                DebounceTask_attributes
 .rodata.button1On_attributes
                0x080098a0       0x24 ./Core/Src/main.o
                0x080098a0                button1On_attributes
 .rodata.Semaphore_Toggl_attributes
                0x080098c4       0x24 ./Core/Src/main.o
                0x080098c4                Semaphore_Toggl_attributes
 .rodata.Mutex_AddDash_attributes
                0x080098e8       0x24 ./Core/Src/main.o
                0x080098e8                Mutex_AddDash_attributes
 .rodata.SW_Timer_7Seg_attributes
                0x0800990c       0x10 ./Core/Src/main.o
                0x0800990c                SW_Timer_7Seg_attributes
 .rodata.UpDownMutex_attributes
                0x0800991c       0x10 ./Core/Src/main.o
                0x0800991c                UpDownMutex_attributes
 .rodata.Mutex_dash_attributes
                0x0800992c       0x10 ./Core/Src/main.o
                0x0800992c                Mutex_dash_attributes
 .rodata.Button_1_Semaphore_attributes
                0x0800993c       0x10 ./Core/Src/main.o
                0x0800993c                Button_1_Semaphore_attributes
 .rodata.Button_2_Semaphore_attributes
                0x0800994c       0x10 ./Core/Src/main.o
                0x0800994c                Button_2_Semaphore_attributes
 .rodata.Button_3_Semaphore_attributes
                0x0800995c       0x10 ./Core/Src/main.o
                0x0800995c                Button_3_Semaphore_attributes
 .rodata.Semaphore_Counting_attributes
                0x0800996c       0x10 ./Core/Src/main.o
                0x0800996c                Semaphore_Counting_attributes
 .rodata.AHBPrescTable
                0x0800997c       0x10 ./Core/Src/system_stm32l4xx.o
                0x0800997c                AHBPrescTable
 .rodata.APBPrescTable
                0x0800998c        0x8 ./Core/Src/system_stm32l4xx.o
                0x0800998c                APBPrescTable
 .rodata.MSIRangeTable
                0x08009994       0x30 ./Core/Src/system_stm32l4xx.o
                0x08009994                MSIRangeTable
 .rodata.srand.str1.1
                0x080099c4       0xde C:/ST/STM32CubeIDE_1.13.2/STM32CubeIDE/plugins/com.st.stm32cube.ide.mcu.externaltools.gnu-tools-for-stm32.13.3.rel1.win32_1.0.0.202411081344/tools/bin/../lib/gcc/arm-none-eabi/13.3.1/../../../../arm-none-eabi/lib/thumb/v7e-m+fp/hard\libc_nano.a(libc_a-rand.o)
                                 0x6f (size before relaxing)
 .rodata.__assert_func.str1.1
                0x08009aa2       0x3d C:/ST/STM32CubeIDE_1.13.2/STM32CubeIDE/plugins/com.st.stm32cube.ide.mcu.externaltools.gnu-tools-for-stm32.13.3.rel1.win32_1.0.0.202411081344/tools/bin/../lib/gcc/arm-none-eabi/13.3.1/../../../../arm-none-eabi/lib/thumb/v7e-m+fp/hard\libc_nano.a(libc_a-assert.o)
 .rodata._vfprintf_r.str1.1
                0x08009aa2       0x11 C:/ST/STM32CubeIDE_1.13.2/STM32CubeIDE/plugins/com.st.stm32cube.ide.mcu.externaltools.gnu-tools-for-stm32.13.3.rel1.win32_1.0.0.202411081344/tools/bin/../lib/gcc/arm-none-eabi/13.3.1/../../../../arm-none-eabi/lib/thumb/v7e-m+fp/hard\libc_nano.a(libc_a-nano-vfprintf.o)
 .rodata._printf_i.str1.1
                0x08009aa2       0x22 C:/ST/STM32CubeIDE_1.13.2/STM32CubeIDE/plugins/com.st.stm32cube.ide.mcu.externaltools.gnu-tools-for-stm32.13.3.rel1.win32_1.0.0.202411081344/tools/bin/../lib/gcc/arm-none-eabi/13.3.1/../../../../arm-none-eabi/lib/thumb/v7e-m+fp/hard\libc_nano.a(libc_a-nano-vfprintf_i.o)
                0x08009ae0                        . = ALIGN (0x4)
 *fill*         0x08009aa2        0x2 

.ARM.extab      0x08009aa4        0x0
                0x08009aa4                        . = ALIGN (0x4)
 *(.ARM.extab* .gnu.linkonce.armextab.*)
                0x08009aa4                        . = ALIGN (0x4)

.ARM            0x08009aa4        0x8
                0x08009aa4                        . = ALIGN (0x4)
                0x08009aa4                        __exidx_start = .
 *(.ARM.exidx*)
 .ARM.exidx     0x08009aa4        0x8 C:/ST/STM32CubeIDE_1.13.2/STM32CubeIDE/plugins/com.st.stm32cube.ide.mcu.externaltools.gnu-tools-for-stm32.13.3.rel1.win32_1.0.0.202411081344/tools/bin/../lib/gcc/arm-none-eabi/13.3.1/../../../../arm-none-eabi/lib/thumb/v7e-m+fp/hard\libc_nano.a(libc_a-memchr.o)
 .ARM.exidx     0x08009aac        0x0 C:/ST/STM32CubeIDE_1.13.2/STM32CubeIDE/plugins/com.st.stm32cube.ide.mcu.externaltools.gnu-tools-for-stm32.13.3.rel1.win32_1.0.0.202411081344/tools/bin/../lib/gcc/arm-none-eabi/13.3.1/thumb/v7e-m+fp/hard\libgcc.a(_udivmoddi4.o)
                                  0x8 (size before relaxing)
                0x08009aac                        __exidx_end = .
                0x08009aac                        . = ALIGN (0x4)

.rel.dyn        0x08009aac        0x0
 .rel.iplt      0x08009aac        0x0 C:/ST/STM32CubeIDE_1.13.2/STM32CubeIDE/plugins/com.st.stm32cube.ide.mcu.externaltools.gnu-tools-for-stm32.13.3.rel1.win32_1.0.0.202411081344/tools/bin/../lib/gcc/arm-none-eabi/13.3.1/thumb/v7e-m+fp/hard/crtbegin.o

.preinit_array  0x08009aac        0x0
                0x08009aac                        . = ALIGN (0x4)
                0x08009aac                        PROVIDE (__preinit_array_start = .)
 *(.preinit_array*)
                0x08009aac                        PROVIDE (__preinit_array_end = .)
                0x08009aac                        . = ALIGN (0x4)

.init_array     0x08009aac        0x4
                0x08009aac                        . = ALIGN (0x4)
                0x08009aac                        PROVIDE (__init_array_start = .)
 *(SORT_BY_NAME(.init_array.*))
 *(.init_array*)
 .init_array    0x08009aac        0x4 C:/ST/STM32CubeIDE_1.13.2/STM32CubeIDE/plugins/com.st.stm32cube.ide.mcu.externaltools.gnu-tools-for-stm32.13.3.rel1.win32_1.0.0.202411081344/tools/bin/../lib/gcc/arm-none-eabi/13.3.1/thumb/v7e-m+fp/hard/crtbegin.o
                0x08009ab0                        PROVIDE (__init_array_end = .)
                0x08009ab0                        . = ALIGN (0x4)

.fini_array     0x08009ab0        0x4
                0x08009ab0                        . = ALIGN (0x4)
                [!provide]                        PROVIDE (__fini_array_start = .)
 *(SORT_BY_NAME(.fini_array.*))
 *(.fini_array*)
 .fini_array    0x08009ab0        0x4 C:/ST/STM32CubeIDE_1.13.2/STM32CubeIDE/plugins/com.st.stm32cube.ide.mcu.externaltools.gnu-tools-for-stm32.13.3.rel1.win32_1.0.0.202411081344/tools/bin/../lib/gcc/arm-none-eabi/13.3.1/thumb/v7e-m+fp/hard/crtbegin.o
                [!provide]                        PROVIDE (__fini_array_end = .)
                0x08009ab4                        . = ALIGN (0x4)
                0x08009ab4                        _sidata = LOADADDR (.data)

.data           0x20000000       0x70 load address 0x08009ab4
                0x20000000                        . = ALIGN (0x4)
                0x20000000                        _sdata = .
 *(.data)
 *(.data*)
 .data.countdown_display
                0x20000000        0x1 ./Core/Src/main.o
                0x20000000                countdown_display
 .data.mutex_protected_count
                0x20000001        0x1 ./Core/Src/main.o
                0x20000001                mutex_protected_count
 *fill*         0x20000002        0x2 
 .data.SystemCoreClock
                0x20000004        0x4 ./Core/Src/system_stm32l4xx.o
                0x20000004                SystemCoreClock
 .data.uwTickPrio
                0x20000008        0x4 ./Drivers/STM32L4xx_HAL_Driver/Src/stm32l4xx_hal.o
                0x20000008                uwTickPrio
 .data.uwTickFreq
                0x2000000c        0x1 ./Drivers/STM32L4xx_HAL_Driver/Src/stm32l4xx_hal.o
                0x2000000c                uwTickFreq
 *fill*         0x2000000d        0x3 
 .data.uxCriticalNesting
                0x20000010        0x4 ./Middlewares/Third_Party/FreeRTOS/Source/portable/GCC/ARM_CM4F/port.o
 .data.__sglue  0x20000014        0xc C:/ST/STM32CubeIDE_1.13.2/STM32CubeIDE/plugins/com.st.stm32cube.ide.mcu.externaltools.gnu-tools-for-stm32.13.3.rel1.win32_1.0.0.202411081344/tools/bin/../lib/gcc/arm-none-eabi/13.3.1/../../../../arm-none-eabi/lib/thumb/v7e-m+fp/hard\libc_nano.a(libc_a-findfp.o)
                0x20000014                __sglue
 .data._impure_ptr
                0x20000020        0x4 C:/ST/STM32CubeIDE_1.13.2/STM32CubeIDE/plugins/com.st.stm32cube.ide.mcu.externaltools.gnu-tools-for-stm32.13.3.rel1.win32_1.0.0.202411081344/tools/bin/../lib/gcc/arm-none-eabi/13.3.1/../../../../arm-none-eabi/lib/thumb/v7e-m+fp/hard\libc_nano.a(libc_a-impure.o)
                0x20000020                _impure_ptr
 .data._impure_data
                0x20000024       0x4c C:/ST/STM32CubeIDE_1.13.2/STM32CubeIDE/plugins/com.st.stm32cube.ide.mcu.externaltools.gnu-tools-for-stm32.13.3.rel1.win32_1.0.0.202411081344/tools/bin/../lib/gcc/arm-none-eabi/13.3.1/../../../../arm-none-eabi/lib/thumb/v7e-m+fp/hard\libc_nano.a(libc_a-impure.o)
                0x20000024                _impure_data
 *(.RamFunc)
 *(.RamFunc*)
                0x20000070                        . = ALIGN (0x4)
                0x20000070                        _edata = .

.igot.plt       0x20000070        0x0 load address 0x08009b24
 .igot.plt      0x20000070        0x0 C:/ST/STM32CubeIDE_1.13.2/STM32CubeIDE/plugins/com.st.stm32cube.ide.mcu.externaltools.gnu-tools-for-stm32.13.3.rel1.win32_1.0.0.202411081344/tools/bin/../lib/gcc/arm-none-eabi/13.3.1/thumb/v7e-m+fp/hard/crtbegin.o
                0x20000070                        . = ALIGN (0x4)

.bss            0x20000070     0x4b60 load address 0x08009b24
                0x20000070                        _sbss = .
                0x20000070                        __bss_start__ = _sbss
 *(.bss)
 .bss           0x20000070       0x1c C:/ST/STM32CubeIDE_1.13.2/STM32CubeIDE/plugins/com.st.stm32cube.ide.mcu.externaltools.gnu-tools-for-stm32.13.3.rel1.win32_1.0.0.202411081344/tools/bin/../lib/gcc/arm-none-eabi/13.3.1/thumb/v7e-m+fp/hard/crtbegin.o
 *(.bss*)
 .bss.ActDigit  0x2000008c        0x1 ./Core/Src/MultiFunctionShield.o
                0x2000008c                ActDigit
 *fill*         0x2000008d        0x3 
 .bss.SEGMENT_VALUE
                0x20000090        0x4 ./Core/Src/MultiFunctionShield.o
                0x20000090                SEGMENT_VALUE
 .bss.htim17    0x20000094       0x4c ./Core/Src/main.o
                0x20000094                htim17
 .bss.huart2    0x200000e0       0x88 ./Core/Src/main.o
                0x200000e0                huart2
 .bss.defaultTaskHandle
                0x20000168        0x4 ./Core/Src/main.o
                0x20000168                defaultTaskHandle
 .bss.NotifyToggleHandle
                0x2000016c        0x4 ./Core/Src/main.o
                0x2000016c                NotifyToggleHandle
 .bss.SW_Timer_ToggleHandle
                0x20000170        0x4 ./Core/Src/main.o
                0x20000170                SW_Timer_ToggleHandle
 .bss.Mutex_CountUpHandle
                0x20000174        0x4 ./Core/Src/main.o
                0x20000174                Mutex_CountUpHandle
 .bss.Mutex_CountDownHandle
                0x20000178        0x4 ./Core/Src/main.o
                0x20000178                Mutex_CountDownHandle
 .bss.UpdateGlobDispHandle
                0x2000017c        0x4 ./Core/Src/main.o
                0x2000017c                UpdateGlobDispHandle
 .bss.ResetGlobalHandle
                0x20000180        0x4 ./Core/Src/main.o
                0x20000180                ResetGlobalHandle
 .bss.DebounceTaskHandle
                0x20000184        0x4 ./Core/Src/main.o
                0x20000184                DebounceTaskHandle
 .bss.button1OnHandle
                0x20000188        0x4 ./Core/Src/main.o
                0x20000188                button1OnHandle
 .bss.Semaphore_TogglHandle
                0x2000018c        0x4 ./Core/Src/main.o
                0x2000018c                Semaphore_TogglHandle
 .bss.Mutex_AddDashHandle
                0x20000190        0x4 ./Core/Src/main.o
                0x20000190                Mutex_AddDashHandle
 .bss.SW_Timer_7SegHandle
                0x20000194        0x4 ./Core/Src/main.o
                0x20000194                SW_Timer_7SegHandle
 .bss.UpDownMutexHandle
                0x20000198        0x4 ./Core/Src/main.o
                0x20000198                UpDownMutexHandle
 .bss.Mutex_dashHandle
                0x2000019c        0x4 ./Core/Src/main.o
                0x2000019c                Mutex_dashHandle
 .bss.Button_1_SemaphoreHandle
                0x200001a0        0x4 ./Core/Src/main.o
                0x200001a0                Button_1_SemaphoreHandle
 .bss.Button_2_SemaphoreHandle
                0x200001a4        0x4 ./Core/Src/main.o
                0x200001a4                Button_2_SemaphoreHandle
 .bss.Button_3_SemaphoreHandle
                0x200001a8        0x4 ./Core/Src/main.o
                0x200001a8                Button_3_SemaphoreHandle
 .bss.Semaphore_CountingHandle
                0x200001ac        0x4 ./Core/Src/main.o
                0x200001ac                Semaphore_CountingHandle
 .bss.htim3     0x200001b0       0x4c ./Core/Src/stm32l4xx_hal_timebase_tim.o
                0x200001b0                htim3
 .bss.__sbrk_heap_end
                0x200001fc        0x4 ./Core/Src/sysmem.o
 .bss.uwTick    0x20000200        0x4 ./Drivers/STM32L4xx_HAL_Driver/Src/stm32l4xx_hal.o
                0x20000200                uwTick
 .bss.KernelState
                0x20000204        0x4 ./Middlewares/Third_Party/FreeRTOS/Source/CMSIS_RTOS_V2/cmsis_os2.o
 .bss.Idle_TCB.3
                0x20000208       0xa8 ./Middlewares/Third_Party/FreeRTOS/Source/CMSIS_RTOS_V2/cmsis_os2.o
 .bss.Idle_Stack.2
                0x200002b0      0x200 ./Middlewares/Third_Party/FreeRTOS/Source/CMSIS_RTOS_V2/cmsis_os2.o
 .bss.Timer_TCB.1
                0x200004b0       0xa8 ./Middlewares/Third_Party/FreeRTOS/Source/CMSIS_RTOS_V2/cmsis_os2.o
 .bss.Timer_Stack.0
                0x20000558      0x400 ./Middlewares/Third_Party/FreeRTOS/Source/CMSIS_RTOS_V2/cmsis_os2.o
 .bss.xQueueRegistry
                0x20000958       0x40 ./Middlewares/Third_Party/FreeRTOS/Source/queue.o
                0x20000958                xQueueRegistry
 .bss.pxCurrentTCB
                0x20000998        0x4 ./Middlewares/Third_Party/FreeRTOS/Source/tasks.o
                0x20000998                pxCurrentTCB
 .bss.pxReadyTasksLists
                0x2000099c      0x460 ./Middlewares/Third_Party/FreeRTOS/Source/tasks.o
 .bss.xDelayedTaskList1
                0x20000dfc       0x14 ./Middlewares/Third_Party/FreeRTOS/Source/tasks.o
 .bss.xDelayedTaskList2
                0x20000e10       0x14 ./Middlewares/Third_Party/FreeRTOS/Source/tasks.o
 .bss.pxDelayedTaskList
                0x20000e24        0x4 ./Middlewares/Third_Party/FreeRTOS/Source/tasks.o
 .bss.pxOverflowDelayedTaskList
                0x20000e28        0x4 ./Middlewares/Third_Party/FreeRTOS/Source/tasks.o
 .bss.xPendingReadyList
                0x20000e2c       0x14 ./Middlewares/Third_Party/FreeRTOS/Source/tasks.o
 .bss.xTasksWaitingTermination
                0x20000e40       0x14 ./Middlewares/Third_Party/FreeRTOS/Source/tasks.o
 .bss.uxDeletedTasksWaitingCleanUp
                0x20000e54        0x4 ./Middlewares/Third_Party/FreeRTOS/Source/tasks.o
 .bss.xSuspendedTaskList
                0x20000e58       0x14 ./Middlewares/Third_Party/FreeRTOS/Source/tasks.o
 .bss.uxCurrentNumberOfTasks
                0x20000e6c        0x4 ./Middlewares/Third_Party/FreeRTOS/Source/tasks.o
 .bss.xTickCount
                0x20000e70        0x4 ./Middlewares/Third_Party/FreeRTOS/Source/tasks.o
 .bss.uxTopReadyPriority
                0x20000e74        0x4 ./Middlewares/Third_Party/FreeRTOS/Source/tasks.o
 .bss.xSchedulerRunning
                0x20000e78        0x4 ./Middlewares/Third_Party/FreeRTOS/Source/tasks.o
 .bss.xPendedTicks
                0x20000e7c        0x4 ./Middlewares/Third_Party/FreeRTOS/Source/tasks.o
 .bss.xYieldPending
                0x20000e80        0x4 ./Middlewares/Third_Party/FreeRTOS/Source/tasks.o
 .bss.xNumOfOverflows
                0x20000e84        0x4 ./Middlewares/Third_Party/FreeRTOS/Source/tasks.o
 .bss.uxTaskNumber
                0x20000e88        0x4 ./Middlewares/Third_Party/FreeRTOS/Source/tasks.o
 .bss.xNextTaskUnblockTime
                0x20000e8c        0x4 ./Middlewares/Third_Party/FreeRTOS/Source/tasks.o
 .bss.xIdleTaskHandle
                0x20000e90        0x4 ./Middlewares/Third_Party/FreeRTOS/Source/tasks.o
 .bss.uxSchedulerSuspended
                0x20000e94        0x4 ./Middlewares/Third_Party/FreeRTOS/Source/tasks.o
 .bss.xActiveTimerList1
                0x20000e98       0x14 ./Middlewares/Third_Party/FreeRTOS/Source/timers.o
 .bss.xActiveTimerList2
                0x20000eac       0x14 ./Middlewares/Third_Party/FreeRTOS/Source/timers.o
 .bss.pxCurrentTimerList
                0x20000ec0        0x4 ./Middlewares/Third_Party/FreeRTOS/Source/timers.o
 .bss.pxOverflowTimerList
                0x20000ec4        0x4 ./Middlewares/Third_Party/FreeRTOS/Source/timers.o
 .bss.xTimerQueue
                0x20000ec8        0x4 ./Middlewares/Third_Party/FreeRTOS/Source/timers.o
 .bss.xTimerTaskHandle
                0x20000ecc        0x4 ./Middlewares/Third_Party/FreeRTOS/Source/timers.o
 .bss.xLastTime.2
                0x20000ed0        0x4 ./Middlewares/Third_Party/FreeRTOS/Source/timers.o
 .bss.ucStaticTimerQueueStorage.1
                0x20000ed4       0xa0 ./Middlewares/Third_Party/FreeRTOS/Source/timers.o
 .bss.xStaticTimerQueue.0
                0x20000f74       0x50 ./Middlewares/Third_Party/FreeRTOS/Source/timers.o
 .bss.ucMaxSysCallPriority
                0x20000fc4        0x1 ./Middlewares/Third_Party/FreeRTOS/Source/portable/GCC/ARM_CM4F/port.o
 *fill*         0x20000fc5        0x3 
 .bss.ulMaxPRIGROUPValue
                0x20000fc8        0x4 ./Middlewares/Third_Party/FreeRTOS/Source/portable/GCC/ARM_CM4F/port.o
 .bss.ucHeap    0x20000fcc     0x3a98 ./Middlewares/Third_Party/FreeRTOS/Source/portable/MemMang/heap_4.o
 .bss.xStart    0x20004a64        0x8 ./Middlewares/Third_Party/FreeRTOS/Source/portable/MemMang/heap_4.o
 .bss.pxEnd     0x20004a6c        0x4 ./Middlewares/Third_Party/FreeRTOS/Source/portable/MemMang/heap_4.o
 .bss.xFreeBytesRemaining
                0x20004a70        0x4 ./Middlewares/Third_Party/FreeRTOS/Source/portable/MemMang/heap_4.o
 .bss.xMinimumEverFreeBytesRemaining
                0x20004a74        0x4 ./Middlewares/Third_Party/FreeRTOS/Source/portable/MemMang/heap_4.o
 .bss.xNumberOfSuccessfulAllocations
                0x20004a78        0x4 ./Middlewares/Third_Party/FreeRTOS/Source/portable/MemMang/heap_4.o
 .bss.xNumberOfSuccessfulFrees
                0x20004a7c        0x4 ./Middlewares/Third_Party/FreeRTOS/Source/portable/MemMang/heap_4.o
 .bss.xBlockAllocatedBit
                0x20004a80        0x4 ./Middlewares/Third_Party/FreeRTOS/Source/portable/MemMang/heap_4.o
 .bss.__sf      0x20004a84      0x138 C:/ST/STM32CubeIDE_1.13.2/STM32CubeIDE/plugins/com.st.stm32cube.ide.mcu.externaltools.gnu-tools-for-stm32.13.3.rel1.win32_1.0.0.202411081344/tools/bin/../lib/gcc/arm-none-eabi/13.3.1/../../../../arm-none-eabi/lib/thumb/v7e-m+fp/hard\libc_nano.a(libc_a-findfp.o)
                0x20004a84                __sf
 .bss.__stdio_exit_handler
                0x20004bbc        0x4 C:/ST/STM32CubeIDE_1.13.2/STM32CubeIDE/plugins/com.st.stm32cube.ide.mcu.externaltools.gnu-tools-for-stm32.13.3.rel1.win32_1.0.0.202411081344/tools/bin/../lib/gcc/arm-none-eabi/13.3.1/../../../../arm-none-eabi/lib/thumb/v7e-m+fp/hard\libc_nano.a(libc_a-findfp.o)
                0x20004bbc                __stdio_exit_handler
 .bss.errno     0x20004bc0        0x4 C:/ST/STM32CubeIDE_1.13.2/STM32CubeIDE/plugins/com.st.stm32cube.ide.mcu.externaltools.gnu-tools-for-stm32.13.3.rel1.win32_1.0.0.202411081344/tools/bin/../lib/gcc/arm-none-eabi/13.3.1/../../../../arm-none-eabi/lib/thumb/v7e-m+fp/hard\libc_nano.a(libc_a-reent.o)
                0x20004bc0                errno
 .bss.__lock___malloc_recursive_mutex
                0x20004bc4        0x1 C:/ST/STM32CubeIDE_1.13.2/STM32CubeIDE/plugins/com.st.stm32cube.ide.mcu.externaltools.gnu-tools-for-stm32.13.3.rel1.win32_1.0.0.202411081344/tools/bin/../lib/gcc/arm-none-eabi/13.3.1/../../../../arm-none-eabi/lib/thumb/v7e-m+fp/hard\libc_nano.a(libc_a-lock.o)
                0x20004bc4                __lock___malloc_recursive_mutex
 .bss.__lock___sfp_recursive_mutex
                0x20004bc5        0x1 C:/ST/STM32CubeIDE_1.13.2/STM32CubeIDE/plugins/com.st.stm32cube.ide.mcu.externaltools.gnu-tools-for-stm32.13.3.rel1.win32_1.0.0.202411081344/tools/bin/../lib/gcc/arm-none-eabi/13.3.1/../../../../arm-none-eabi/lib/thumb/v7e-m+fp/hard\libc_nano.a(libc_a-lock.o)
                0x20004bc5                __lock___sfp_recursive_mutex
 *fill*         0x20004bc6        0x2 
 .bss.__malloc_sbrk_start
                0x20004bc8        0x4 C:/ST/STM32CubeIDE_1.13.2/STM32CubeIDE/plugins/com.st.stm32cube.ide.mcu.externaltools.gnu-tools-for-stm32.13.3.rel1.win32_1.0.0.202411081344/tools/bin/../lib/gcc/arm-none-eabi/13.3.1/../../../../arm-none-eabi/lib/thumb/v7e-m+fp/hard\libc_nano.a(libc_a-mallocr.o)
                0x20004bc8                __malloc_sbrk_start
 .bss.__malloc_free_list
                0x20004bcc        0x4 C:/ST/STM32CubeIDE_1.13.2/STM32CubeIDE/plugins/com.st.stm32cube.ide.mcu.externaltools.gnu-tools-for-stm32.13.3.rel1.win32_1.0.0.202411081344/tools/bin/../lib/gcc/arm-none-eabi/13.3.1/../../../../arm-none-eabi/lib/thumb/v7e-m+fp/hard\libc_nano.a(libc_a-mallocr.o)
                0x20004bcc                __malloc_free_list
 *(COMMON)
                0x20004bd0                        . = ALIGN (0x4)
                0x20004bd0                        _ebss = .
                0x20004bd0                        __bss_end__ = _ebss

._user_heap_stack
                0x20004bd0      0x600 load address 0x08009b24
                0x20004bd0                        . = ALIGN (0x8)
                [!provide]                        PROVIDE (end = .)
                0x20004bd0                        PROVIDE (_end = .)
                0x20004dd0                        . = (. + _Min_Heap_Size)
 *fill*         0x20004bd0      0x200 
                0x200051d0                        . = (. + _Min_Stack_Size)
 *fill*         0x20004dd0      0x400 
                0x200051d0                        . = ALIGN (0x8)

/DISCARD/
 libc.a(*)
 libm.a(*)
 libgcc.a(*)

.ARM.attributes
                0x00000000       0x30
 *(.ARM.attributes)
 .ARM.attributes
                0x00000000       0x22 C:/ST/STM32CubeIDE_1.13.2/STM32CubeIDE/plugins/com.st.stm32cube.ide.mcu.externaltools.gnu-tools-for-stm32.13.3.rel1.win32_1.0.0.202411081344/tools/bin/../lib/gcc/arm-none-eabi/13.3.1/thumb/v7e-m+fp/hard/crti.o